[    0.000000] Linux version 6.7.4-200.fc39.x86_64 (mockbuild@de0c58eb5f524c20963d3b29334043cc) (gcc (GCC) 13.2.1 20231205 (Red Hat 13.2.1-6), GNU ld version 2.40-14.fc39) #1 SMP PREEMPT_DYNAMIC Mon Feb  5 22:21:14 UTC 2024
[    0.000000] Command line: BOOT_IMAGE=(hd0,gpt5)/boot/vmlinuz-6.7.4-200.fc39.x86_64 root=UUID=dc010fa2-4e38-46d8-a508-25b496d107fa ro resume=UUID=861b1e17-b277-40f7-9313-c253b09cd2a5 rhgb quiet
[    0.000000] BIOS-provided physical RAM map:
[    0.000000] BIOS-e820: [mem 0x0000000000000000-0x000000000005bfff] usable
[    0.000000] BIOS-e820: [mem 0x000000000005c000-0x000000000005cfff] reserved
[    0.000000] BIOS-e820: [mem 0x000000000005d000-0x000000000009ffff] usable
[    0.000000] BIOS-e820: [mem 0x00000000000a0000-0x00000000000fffff] reserved
[    0.000000] BIOS-e820: [mem 0x0000000000100000-0x00000000970f1fff] usable
[    0.000000] BIOS-e820: [mem 0x00000000970f2000-0x00000000970f2fff] reserved
[    0.000000] BIOS-e820: [mem 0x00000000970f3000-0x0000000097903fff] usable
[    0.000000] BIOS-e820: [mem 0x0000000097904000-0x0000000097904fff] reserved
[    0.000000] BIOS-e820: [mem 0x0000000097905000-0x00000000b66aafff] usable
[    0.000000] BIOS-e820: [mem 0x00000000b66ab000-0x00000000b798efff] reserved
[    0.000000] BIOS-e820: [mem 0x00000000b798f000-0x00000000b7b8efff] ACPI NVS
[    0.000000] BIOS-e820: [mem 0x00000000b7b8f000-0x00000000b7c0efff] ACPI data
[    0.000000] BIOS-e820: [mem 0x00000000b7c0f000-0x00000000b7c0ffff] usable
[    0.000000] BIOS-e820: [mem 0x00000000b7c10000-0x00000000be7fffff] reserved
[    0.000000] BIOS-e820: [mem 0x00000000fe010000-0x00000000fe010fff] reserved
[    0.000000] BIOS-e820: [mem 0x00000000ff000000-0x00000000ffffffff] reserved
[    0.000000] BIOS-e820: [mem 0x0000000100000000-0x000000023d7fffff] usable
[    0.000000] NX (Execute Disable) protection: active
[    0.000000] APIC: Static calls initialized
[    0.000000] e820: update [mem 0x9e154018-0x9e164057] usable ==> usable
[    0.000000] e820: update [mem 0x9e154018-0x9e164057] usable ==> usable
[    0.000000] extended physical RAM map:
[    0.000000] reserve setup_data: [mem 0x0000000000000000-0x000000000005bfff] usable
[    0.000000] reserve setup_data: [mem 0x000000000005c000-0x000000000005cfff] reserved
[    0.000000] reserve setup_data: [mem 0x000000000005d000-0x000000000009ffff] usable
[    0.000000] reserve setup_data: [mem 0x00000000000a0000-0x00000000000fffff] reserved
[    0.000000] reserve setup_data: [mem 0x0000000000100000-0x00000000970f1fff] usable
[    0.000000] reserve setup_data: [mem 0x00000000970f2000-0x00000000970f2fff] reserved
[    0.000000] reserve setup_data: [mem 0x00000000970f3000-0x0000000097903fff] usable
[    0.000000] reserve setup_data: [mem 0x0000000097904000-0x0000000097904fff] reserved
[    0.000000] reserve setup_data: [mem 0x0000000097905000-0x000000009e154017] usable
[    0.000000] reserve setup_data: [mem 0x000000009e154018-0x000000009e164057] usable
[    0.000000] reserve setup_data: [mem 0x000000009e164058-0x00000000b66aafff] usable
[    0.000000] reserve setup_data: [mem 0x00000000b66ab000-0x00000000b798efff] reserved
[    0.000000] reserve setup_data: [mem 0x00000000b798f000-0x00000000b7b8efff] ACPI NVS
[    0.000000] reserve setup_data: [mem 0x00000000b7b8f000-0x00000000b7c0efff] ACPI data
[    0.000000] reserve setup_data: [mem 0x00000000b7c0f000-0x00000000b7c0ffff] usable
[    0.000000] reserve setup_data: [mem 0x00000000b7c10000-0x00000000be7fffff] reserved
[    0.000000] reserve setup_data: [mem 0x00000000fe010000-0x00000000fe010fff] reserved
[    0.000000] reserve setup_data: [mem 0x00000000ff000000-0x00000000ffffffff] reserved
[    0.000000] reserve setup_data: [mem 0x0000000100000000-0x000000023d7fffff] usable
[    0.000000] efi: EFI v2.6 by HP
[    0.000000] efi: ACPI=0xb7c0e000 ACPI 2.0=0xb7c0e014 TPMFinalLog=0xb7b37000 SMBIOS=0xb6e74000 ESRT=0xb6e75b98 MEMATTR=0xb2c9c018 MOKvar=0xb6e66000 RNG=0xb7b94018 TPMEventLog=0x9e165018 
[    0.000000] random: crng init done
[    0.000000] efi: Not removing mem52: MMIO range=[0xfe010000-0xfe010fff] (4KB) from e820 map
[    0.000000] efi: Remove mem53: MMIO range=[0xff000000-0xffffffff] (16MB) from e820 map
[    0.000000] e820: remove [mem 0xff000000-0xffffffff] reserved
[    0.000000] secureboot: Secure boot disabled
[    0.000000] SMBIOS 3.1 present.
[    0.000000] DMI: HP HP EliteBook 840 G6/8549, BIOS R70 Ver. 01.11.00 11/19/2021
[    0.000000] tsc: Detected 2000.000 MHz processor
[    0.000000] tsc: Detected 1999.968 MHz TSC
[    0.001431] e820: update [mem 0x00000000-0x00000fff] usable ==> reserved
[    0.001436] e820: remove [mem 0x000a0000-0x000fffff] usable
[    0.001450] last_pfn = 0x23d800 max_arch_pfn = 0x400000000
[    0.001457] MTRR map: 5 entries (3 fixed + 2 variable; max 23), built from 10 variable MTRRs
[    0.001461] x86/PAT: Configuration [0-7]: WB  WC  UC- UC  WB  WP  UC- WT  
[    0.002093] last_pfn = 0xb7c10 max_arch_pfn = 0x400000000
[    0.014946] esrt: Reserving ESRT space from 0x00000000b6e75b98 to 0x00000000b6e75c20.
[    0.014960] Using GB pages for direct mapping
[    0.015441] secureboot: Secure boot disabled
[    0.015442] RAMDISK: [mem 0x9e170000-0xa05dbfff]
[    0.015449] ACPI: Early table checksum verification disabled
[    0.015453] ACPI: RSDP 0x00000000B7C0E014 000024 (v02 HPQOEM)
[    0.015460] ACPI: XSDT 0x00000000B7BB9188 000154 (v01 HPQOEM SLIC-BPC 00000000 INTL 20160422)
[    0.015468] ACPI: FACP 0x00000000B7BF2000 000114 (v06 HPQOEM SLIC-BPC 00000000 HP   00000001)
[    0.015475] ACPI: DSDT 0x00000000B7BC6000 028789 (v02 HPQOEM 8549     00000000 INTL 20160527)
[    0.015480] ACPI: FACS 0x00000000B7B31000 000040
[    0.015485] ACPI: SSDT 0x00000000B7C0C000 0002D7 (v01 HP     NVTEC    00000001 INTL 20160527)
[    0.015489] ACPI: SSDT 0x00000000B7C0B000 00012A (v02 HP     ShmTable 00000001 INTL 20160527)
[    0.015494] ACPI: SSDT 0x00000000B7C09000 001B60 (v02 CpuRef CpuSsdt  00003000 INTL 20160527)
[    0.015499] ACPI: SSDT 0x00000000B7C08000 0009CF (v02 CtdpB  CtdpB    00001000 INTL 20160527)
[    0.015504] ACPI: SSDT 0x00000000B7BFB000 00CE82 (v02 AcpiRe PLT_RTD3 00001000 INTL 20160527)
[    0.015508] ACPI: RTMA 0x00000000B7BF9000 00009E (v01 HP     _HBMART_ 00001000 HP   00000001)
[    0.015513] ACPI: SSDT 0x00000000B7BF7000 001575 (v02 HP     UcsiAcpi 00000001 INTL 20160527)
[    0.015518] ACPI: SSDT 0x00000000B7BF6000 0000FB (v02 HP     UcsiCntr 00000001 INTL 20160527)
[    0.015523] ACPI: MSDM 0x00000000B7BF5000 000055 (v03 HPQOEM SLIC-BPC 00000000 HP   00000001)
[    0.015527] ACPI: SLIC 0x00000000B7BF4000 000176 (v01 HPQOEM SLIC-BPC 00000001 HP   00000001)
[    0.015532] ACPI: WSMT 0x00000000B7BF3000 000028 (v01 HPQOEM 8549     00000001 HP   00000001)
[    0.015536] ACPI: HPET 0x00000000B7BF1000 000038 (v01 HPQOEM 8549     00000001 HP   00000001)
[    0.015541] ACPI: APIC 0x00000000B7BF0000 00012C (v03 HPQOEM 8549     00000001 HP   00000001)
[    0.015545] ACPI: MCFG 0x00000000B7BEF000 00003C (v01 HPQOEM 8549     00000001 HP   00000001)
[    0.015550] ACPI: SSDT 0x00000000B7BC5000 000746 (v02 HPQOEM PtidDevc 00001000 INTL 20160527)
[    0.015554] ACPI: SSDT 0x00000000B7BC4000 00089D (v02 HPQOEM HP_XHC_P 00000000 INTL 20160527)
[    0.015559] ACPI: NHLT 0x00000000B7BC2000 0017F1 (v00 INTEL  CFL-ULT  20170001 INTL 20160422)
[    0.015564] ACPI: SSDT 0x00000000B7BBE000 003D33 (v02 DptfTa DptfTabl 00001000 INTL 20160527)
[    0.015568] ACPI: SSDT 0x00000000B7BBA000 003147 (v02 SaSsdt SaSsdt   00003000 INTL 20160527)
[    0.015573] ACPI: LPIT 0x00000000B7C0D000 000094 (v01 INTEL  CFL-ULT  20170001 INTL 20160422)
[    0.015577] ACPI: WSMT 0x00000000B7BB8000 000028 (v01 INTEL  CFL-ULT  20170001 INTL 20160422)
[    0.015582] ACPI: SSDT 0x00000000B7BB7000 0003CE (v02 INTEL  Tpm2Tabl 00001000 INTL 20160527)
[    0.015587] ACPI: TPM2 0x00000000B7BB6000 000034 (v04 INTEL  CFL-ULT  20170001 INTL 20160422)
[    0.015591] ACPI: UEFI 0x00000000B7B2B000 000042 (v01 INTEL  CFL-ULT  20170001 INTL 20160422)
[    0.015596] ACPI: OEML 0x00000000B7BB5000 000028 (v03 INTEL  CFL-ULT  20170001 INTL 20160422)
[    0.015600] ACPI: DMAR 0x00000000B7BB4000 0000C8 (v01 INTEL  WHL      00000002 INTL 01000013)
[    0.015605] ACPI: SSDT 0x00000000B7B9F000 01468F (v02 HP     HPTBT    00001000 INTL 20160527)
[    0.015610] ACPI: SSDT 0x00000000B7B9E000 0009D3 (v01 HP     HPINWWAN 00001000 INTL 20160527)
[    0.015614] ACPI: SSDT 0x00000000B7B9D000 00013B (v01 HP     HPNBCONV 00001000 INTL 20160527)
[    0.015619] ACPI: SSDT 0x00000000B7B9C000 000425 (v01 HP     INTTPL   00001000 INTL 20160527)
[    0.015624] ACPI: SSDT 0x00000000B7B9A000 001377 (v01 HP     HPINNBWL 00001000 INTL 20160527)
[    0.015628] ACPI: SSDT 0x00000000B7B99000 000032 (v01 HP     HPCONDEV 00001000 INTL 20160527)
[    0.015633] ACPI: SSDT 0x00000000B7B98000 000115 (v01 HP     HPSANIMD 00001000 INTL 20160527)
[    0.015638] ACPI: SSDT 0x00000000B7B97000 000069 (v01 HP     HPCAHWID 00001000 INTL 20160527)
[    0.015642] ACPI: FPDT 0x00000000B7B96000 000044 (v01 INTEL  CFL-ULT  20170001 INTL 20160422)
[    0.015647] ACPI: BGRT 0x00000000B7B95000 000038 (v01 INTEL  CFL-ULT  20170001 INTL 20160422)
[    0.015651] ACPI: SSDT 0x00000000B7BFA000 0002F9 (v02 HP     PwrCtlEv 00000001 INTL 20160527)
[    0.015655] ACPI: Reserving FACP table memory at [mem 0xb7bf2000-0xb7bf2113]
[    0.015658] ACPI: Reserving DSDT table memory at [mem 0xb7bc6000-0xb7bee788]
[    0.015660] ACPI: Reserving FACS table memory at [mem 0xb7b31000-0xb7b3103f]
[    0.015661] ACPI: Reserving SSDT table memory at [mem 0xb7c0c000-0xb7c0c2d6]
[    0.015663] ACPI: Reserving SSDT table memory at [mem 0xb7c0b000-0xb7c0b129]
[    0.015664] ACPI: Reserving SSDT table memory at [mem 0xb7c09000-0xb7c0ab5f]
[    0.015665] ACPI: Reserving SSDT table memory at [mem 0xb7c08000-0xb7c089ce]
[    0.015667] ACPI: Reserving SSDT table memory at [mem 0xb7bfb000-0xb7c07e81]
[    0.015668] ACPI: Reserving RTMA table memory at [mem 0xb7bf9000-0xb7bf909d]
[    0.015670] ACPI: Reserving SSDT table memory at [mem 0xb7bf7000-0xb7bf8574]
[    0.015671] ACPI: Reserving SSDT table memory at [mem 0xb7bf6000-0xb7bf60fa]
[    0.015672] ACPI: Reserving MSDM table memory at [mem 0xb7bf5000-0xb7bf5054]
[    0.015674] ACPI: Reserving SLIC table memory at [mem 0xb7bf4000-0xb7bf4175]
[    0.015675] ACPI: Reserving WSMT table memory at [mem 0xb7bf3000-0xb7bf3027]
[    0.015677] ACPI: Reserving HPET table memory at [mem 0xb7bf1000-0xb7bf1037]
[    0.015678] ACPI: Reserving APIC table memory at [mem 0xb7bf0000-0xb7bf012b]
[    0.015680] ACPI: Reserving MCFG table memory at [mem 0xb7bef000-0xb7bef03b]
[    0.015681] ACPI: Reserving SSDT table memory at [mem 0xb7bc5000-0xb7bc5745]
[    0.015683] ACPI: Reserving SSDT table memory at [mem 0xb7bc4000-0xb7bc489c]
[    0.015684] ACPI: Reserving NHLT table memory at [mem 0xb7bc2000-0xb7bc37f0]
[    0.015685] ACPI: Reserving SSDT table memory at [mem 0xb7bbe000-0xb7bc1d32]
[    0.015687] ACPI: Reserving SSDT table memory at [mem 0xb7bba000-0xb7bbd146]
[    0.015688] ACPI: Reserving LPIT table memory at [mem 0xb7c0d000-0xb7c0d093]
[    0.015690] ACPI: Reserving WSMT table memory at [mem 0xb7bb8000-0xb7bb8027]
[    0.015691] ACPI: Reserving SSDT table memory at [mem 0xb7bb7000-0xb7bb73cd]
[    0.015692] ACPI: Reserving TPM2 table memory at [mem 0xb7bb6000-0xb7bb6033]
[    0.015694] ACPI: Reserving UEFI table memory at [mem 0xb7b2b000-0xb7b2b041]
[    0.015695] ACPI: Reserving OEML table memory at [mem 0xb7bb5000-0xb7bb5027]
[    0.015697] ACPI: Reserving DMAR table memory at [mem 0xb7bb4000-0xb7bb40c7]
[    0.015698] ACPI: Reserving SSDT table memory at [mem 0xb7b9f000-0xb7bb368e]
[    0.015700] ACPI: Reserving SSDT table memory at [mem 0xb7b9e000-0xb7b9e9d2]
[    0.015701] ACPI: Reserving SSDT table memory at [mem 0xb7b9d000-0xb7b9d13a]
[    0.015703] ACPI: Reserving SSDT table memory at [mem 0xb7b9c000-0xb7b9c424]
[    0.015704] ACPI: Reserving SSDT table memory at [mem 0xb7b9a000-0xb7b9b376]
[    0.015706] ACPI: Reserving SSDT table memory at [mem 0xb7b99000-0xb7b99031]
[    0.015707] ACPI: Reserving SSDT table memory at [mem 0xb7b98000-0xb7b98114]
[    0.015709] ACPI: Reserving SSDT table memory at [mem 0xb7b97000-0xb7b97068]
[    0.015710] ACPI: Reserving FPDT table memory at [mem 0xb7b96000-0xb7b96043]
[    0.015711] ACPI: Reserving BGRT table memory at [mem 0xb7b95000-0xb7b95037]
[    0.015713] ACPI: Reserving SSDT table memory at [mem 0xb7bfa000-0xb7bfa2f8]
[    0.015981] No NUMA configuration found
[    0.015982] Faking a node at [mem 0x0000000000000000-0x000000023d7fffff]
[    0.015997] NODE_DATA(0) allocated [mem 0x23d7d5000-0x23d7fffff]
[    0.016345] Zone ranges:
[    0.016346]   DMA      [mem 0x0000000000001000-0x0000000000ffffff]
[    0.016350]   DMA32    [mem 0x0000000001000000-0x00000000ffffffff]
[    0.016352]   Normal   [mem 0x0000000100000000-0x000000023d7fffff]
[    0.016355]   Device   empty
[    0.016356] Movable zone start for each node
[    0.016360] Early memory node ranges
[    0.016361]   node   0: [mem 0x0000000000001000-0x000000000005bfff]
[    0.016364]   node   0: [mem 0x000000000005d000-0x000000000009ffff]
[    0.016365]   node   0: [mem 0x0000000000100000-0x00000000970f1fff]
[    0.016367]   node   0: [mem 0x00000000970f3000-0x0000000097903fff]
[    0.016369]   node   0: [mem 0x0000000097905000-0x00000000b66aafff]
[    0.016370]   node   0: [mem 0x00000000b7c0f000-0x00000000b7c0ffff]
[    0.016372]   node   0: [mem 0x0000000100000000-0x000000023d7fffff]
[    0.016375] Initmem setup node 0 [mem 0x0000000000001000-0x000000023d7fffff]
[    0.016380] On node 0, zone DMA: 1 pages in unavailable ranges
[    0.016383] On node 0, zone DMA: 1 pages in unavailable ranges
[    0.016414] On node 0, zone DMA: 96 pages in unavailable ranges
[    0.024797] On node 0, zone DMA32: 1 pages in unavailable ranges
[    0.026639] On node 0, zone DMA32: 1 pages in unavailable ranges
[    0.026728] On node 0, zone DMA32: 5476 pages in unavailable ranges
[    0.045749] On node 0, zone Normal: 1008 pages in unavailable ranges
[    0.045909] On node 0, zone Normal: 10240 pages in unavailable ranges
[    0.045936] Reserving Intel graphics memory at [mem 0xbc800000-0xbe7fffff]
[    0.046788] ACPI: PM-Timer IO Port: 0x1808
[    0.046798] ACPI: LAPIC_NMI (acpi_id[0x01] high edge lint[0x1])
[    0.046801] ACPI: LAPIC_NMI (acpi_id[0x02] high edge lint[0x1])
[    0.046802] ACPI: LAPIC_NMI (acpi_id[0x03] high edge lint[0x1])
[    0.046804] ACPI: LAPIC_NMI (acpi_id[0x04] high edge lint[0x1])
[    0.046805] ACPI: LAPIC_NMI (acpi_id[0x05] high edge lint[0x1])
[    0.046806] ACPI: LAPIC_NMI (acpi_id[0x06] high edge lint[0x1])
[    0.046807] ACPI: LAPIC_NMI (acpi_id[0x07] high edge lint[0x1])
[    0.046808] ACPI: LAPIC_NMI (acpi_id[0x08] high edge lint[0x1])
[    0.046810] ACPI: LAPIC_NMI (acpi_id[0x09] high edge lint[0x1])
[    0.046811] ACPI: LAPIC_NMI (acpi_id[0x0a] high edge lint[0x1])
[    0.046812] ACPI: LAPIC_NMI (acpi_id[0x0b] high edge lint[0x1])
[    0.046813] ACPI: LAPIC_NMI (acpi_id[0x0c] high edge lint[0x1])
[    0.046815] ACPI: LAPIC_NMI (acpi_id[0x0d] high edge lint[0x1])
[    0.046816] ACPI: LAPIC_NMI (acpi_id[0x0e] high edge lint[0x1])
[    0.046817] ACPI: LAPIC_NMI (acpi_id[0x0f] high edge lint[0x1])
[    0.046818] ACPI: LAPIC_NMI (acpi_id[0x10] high edge lint[0x1])
[    0.046877] IOAPIC[0]: apic_id 2, version 32, address 0xfec00000, GSI 0-119
[    0.046881] ACPI: INT_SRC_OVR (bus 0 bus_irq 0 global_irq 2 dfl dfl)
[    0.046884] ACPI: INT_SRC_OVR (bus 0 bus_irq 9 global_irq 9 high level)
[    0.046890] ACPI: Using ACPI (MADT) for SMP configuration information
[    0.046892] ACPI: HPET id: 0x8086a201 base: 0xfed00000
[    0.046901] e820: update [mem 0xb2c2e000-0xb2c56fff] usable ==> reserved
[    0.046918] TSC deadline timer available
[    0.046919] smpboot: Allowing 8 CPUs, 0 hotplug CPUs
[    0.046945] PM: hibernation: Registered nosave memory: [mem 0x00000000-0x00000fff]
[    0.046949] PM: hibernation: Registered nosave memory: [mem 0x0005c000-0x0005cfff]
[    0.046952] PM: hibernation: Registered nosave memory: [mem 0x000a0000-0x000fffff]
[    0.046954] PM: hibernation: Registered nosave memory: [mem 0x970f2000-0x970f2fff]
[    0.046957] PM: hibernation: Registered nosave memory: [mem 0x97904000-0x97904fff]
[    0.046959] PM: hibernation: Registered nosave memory: [mem 0x9e154000-0x9e154fff]
[    0.046962] PM: hibernation: Registered nosave memory: [mem 0x9e164000-0x9e164fff]
[    0.046965] PM: hibernation: Registered nosave memory: [mem 0xb2c2e000-0xb2c56fff]
[    0.046968] PM: hibernation: Registered nosave memory: [mem 0xb66ab000-0xb798efff]
[    0.046969] PM: hibernation: Registered nosave memory: [mem 0xb798f000-0xb7b8efff]
[    0.046970] PM: hibernation: Registered nosave memory: [mem 0xb7b8f000-0xb7c0efff]
[    0.046973] PM: hibernation: Registered nosave memory: [mem 0xb7c10000-0xbe7fffff]
[    0.046974] PM: hibernation: Registered nosave memory: [mem 0xbe800000-0xfe00ffff]
[    0.046975] PM: hibernation: Registered nosave memory: [mem 0xfe010000-0xfe010fff]
[    0.046976] PM: hibernation: Registered nosave memory: [mem 0xfe011000-0xffffffff]
[    0.046979] [mem 0xbe800000-0xfe00ffff] available for PCI devices
[    0.046981] Booting paravirtualized kernel on bare hardware
[    0.046984] clocksource: refined-jiffies: mask: 0xffffffff max_cycles: 0xffffffff, max_idle_ns: 1910969940391419 ns
[    0.057899] setup_percpu: NR_CPUS:8192 nr_cpumask_bits:8 nr_cpu_ids:8 nr_node_ids:1
[    0.058715] percpu: Embedded 64 pages/cpu s225280 r8192 d28672 u262144
[    0.058726] pcpu-alloc: s225280 r8192 d28672 u262144 alloc=1*2097152
[    0.058730] pcpu-alloc: [0] 0 1 2 3 4 5 6 7 
[    0.058764] Kernel command line: BOOT_IMAGE=(hd0,gpt5)/boot/vmlinuz-6.7.4-200.fc39.x86_64 root=UUID=dc010fa2-4e38-46d8-a508-25b496d107fa ro resume=UUID=861b1e17-b277-40f7-9313-c253b09cd2a5 rhgb quiet
[    0.058893] Unknown kernel command line parameters "rhgb BOOT_IMAGE=(hd0,gpt5)/boot/vmlinuz-6.7.4-200.fc39.x86_64", will be passed to user space.
[    0.060835] Dentry cache hash table entries: 1048576 (order: 11, 8388608 bytes, linear)
[    0.061804] Inode-cache hash table entries: 524288 (order: 10, 4194304 bytes, linear)
[    0.061967] Fallback order for Node 0: 0 
[    0.061971] Built 1 zonelists, mobility grouping on.  Total pages: 2014383
[    0.061973] Policy zone: Normal
[    0.062509] mem auto-init: stack:all(zero), heap alloc:off, heap free:off
[    0.062519] software IO TLB: area num 8.
[    0.126084] Memory: 7785584K/8190240K available (20480K kernel code, 3276K rwdata, 14748K rodata, 4588K init, 4892K bss, 404396K reserved, 0K cma-reserved)
[    0.126469] SLUB: HWalign=64, Order=0-3, MinObjects=0, CPUs=8, Nodes=1
[    0.126503] ftrace: allocating 54380 entries in 213 pages
[    0.141167] ftrace: allocated 213 pages with 5 groups
[    0.142428] Dynamic Preempt: voluntary
[    0.142492] rcu: Preemptible hierarchical RCU implementation.
[    0.142493] rcu: 	RCU restricting CPUs from NR_CPUS=8192 to nr_cpu_ids=8.
[    0.142496] 	Trampoline variant of Tasks RCU enabled.
[    0.142496] 	Rude variant of Tasks RCU enabled.
[    0.142497] 	Tracing variant of Tasks RCU enabled.
[    0.142498] rcu: RCU calculated value of scheduler-enlistment delay is 100 jiffies.
[    0.142500] rcu: Adjusting geometry for rcu_fanout_leaf=16, nr_cpu_ids=8
[    0.147979] NR_IRQS: 524544, nr_irqs: 2048, preallocated irqs: 16
[    0.148322] rcu: srcu_init: Setting srcu_struct sizes based on contention.
[    0.148697] kfence: initialized - using 2097152 bytes for 255 objects at 0x(____ptrval____)-0x(____ptrval____)
[    0.148751] Console: colour dummy device 80x25
[    0.148754] printk: legacy console [tty0] enabled
[    0.148834] ACPI: Core revision 20230628
[    0.149508] hpet: HPET dysfunctional in PC10. Force disabled.
[    0.149510] APIC: Switch to symmetric I/O mode setup
[    0.149513] DMAR: Host address width 39
[    0.149515] DMAR: DRHD base: 0x000000fed90000 flags: 0x0
[    0.149525] DMAR: dmar0: reg_base_addr fed90000 ver 1:0 cap 1c0000c40660462 ecap 19e2ff0505e
[    0.149529] DMAR: DRHD base: 0x000000fed91000 flags: 0x1
[    0.149537] DMAR: dmar1: reg_base_addr fed91000 ver 1:0 cap d2008c40660462 ecap f050da
[    0.149541] DMAR: RMRR base: 0x000000b781e000 end: 0x000000b783dfff
[    0.149544] DMAR: RMRR base: 0x000000bc000000 end: 0x000000be7fffff
[    0.149545] DMAR: RMRR base: 0x000000b786f000 end: 0x000000b78eefff
[    0.149548] DMAR-IR: IOAPIC id 2 under DRHD base  0xfed91000 IOMMU 1
[    0.149551] DMAR-IR: HPET id 0 under DRHD base 0xfed91000
[    0.149553] DMAR-IR: Queued invalidation will be enabled to support x2apic and Intr-remapping.
[    0.152762] DMAR-IR: Enabled IRQ remapping in x2apic mode
[    0.152765] x2apic enabled
[    0.152877] APIC: Switched APIC routing to: cluster x2apic
[    0.159743] clocksource: tsc-early: mask: 0xffffffffffffffff max_cycles: 0x39a8208cdd2, max_idle_ns: 881590748921 ns
[    0.159752] Calibrating delay loop (skipped), value calculated using timer frequency.. 3999.93 BogoMIPS (lpj=1999968)
[    0.159788] x86/cpu: SGX disabled by BIOS.
[    0.159797] CPU0: Thermal monitoring enabled (TM1)
[    0.159867] process: using mwait in idle threads
[    0.159871] Last level iTLB entries: 4KB 64, 2MB 8, 4MB 8
[    0.159873] Last level dTLB entries: 4KB 64, 2MB 0, 4MB 0, 1GB 4
[    0.159878] Spectre V1 : Mitigation: usercopy/swapgs barriers and __user pointer sanitization
[    0.159882] Spectre V2 : Mitigation: Enhanced / Automatic IBRS
[    0.159883] Spectre V2 : Spectre v2 / SpectreRSB mitigation: Filling RSB on context switch
[    0.159884] Spectre V2 : Spectre v2 / PBRSB-eIBRS: Retire a single CALL on VMEXIT
[    0.159885] RETBleed: Mitigation: Enhanced IBRS
[    0.159887] Spectre V2 : mitigation: Enabling conditional Indirect Branch Prediction Barrier
[    0.159890] Speculative Store Bypass: Mitigation: Speculative Store Bypass disabled via prctl
[    0.159898] MMIO Stale Data: Mitigation: Clear CPU buffers
[    0.159901] SRBDS: Mitigation: Microcode
[    0.159904] GDS: Mitigation: Microcode
[    0.159911] x86/fpu: Supporting XSAVE feature 0x001: 'x87 floating point registers'
[    0.159914] x86/fpu: Supporting XSAVE feature 0x002: 'SSE registers'
[    0.159915] x86/fpu: Supporting XSAVE feature 0x004: 'AVX registers'
[    0.159916] x86/fpu: Supporting XSAVE feature 0x008: 'MPX bounds registers'
[    0.159918] x86/fpu: Supporting XSAVE feature 0x010: 'MPX CSR'
[    0.159920] x86/fpu: xstate_offset[2]:  576, xstate_sizes[2]:  256
[    0.159923] x86/fpu: xstate_offset[3]:  832, xstate_sizes[3]:   64
[    0.159924] x86/fpu: xstate_offset[4]:  896, xstate_sizes[4]:   64
[    0.159926] x86/fpu: Enabled xstate features 0x1f, context size is 960 bytes, using 'compacted' format.
[    0.160749] Freeing SMP alternatives memory: 48K
[    0.160749] pid_max: default: 32768 minimum: 301
[    0.160749] LSM: initializing lsm=lockdown,capability,yama,selinux,bpf,landlock,integrity
[    0.160749] Yama: becoming mindful.
[    0.160749] SELinux:  Initializing.
[    0.160749] LSM support for eBPF active
[    0.160749] landlock: Up and running.
[    0.160749] Mount-cache hash table entries: 16384 (order: 5, 131072 bytes, linear)
[    0.160749] Mountpoint-cache hash table entries: 16384 (order: 5, 131072 bytes, linear)
[    0.160749] smpboot: CPU0: Intel(R) Core(TM) i7-8565U CPU @ 1.80GHz (family: 0x6, model: 0x8e, stepping: 0xc)
[    0.160749] RCU Tasks: Setting shift to 3 and lim to 1 rcu_task_cb_adjust=1.
[    0.160749] RCU Tasks Rude: Setting shift to 3 and lim to 1 rcu_task_cb_adjust=1.
[    0.160749] RCU Tasks Trace: Setting shift to 3 and lim to 1 rcu_task_cb_adjust=1.
[    0.160749] Performance Events: PEBS fmt3+, Skylake events, 32-deep LBR, full-width counters, Intel PMU driver.
[    0.160749] ... version:                4
[    0.160749] ... bit width:              48
[    0.160749] ... generic registers:      4
[    0.160749] ... value mask:             0000ffffffffffff
[    0.160749] ... max period:             00007fffffffffff
[    0.160749] ... fixed-purpose events:   3
[    0.160749] ... event mask:             000000070000000f
[    0.160749] signal: max sigframe size: 2032
[    0.160749] Estimated ratio of average max frequency by base frequency (times 1024): 2099
[    0.160749] rcu: Hierarchical SRCU implementation.
[    0.160749] rcu: 	Max phase no-delay instances is 400.
[    0.161232] NMI watchdog: Enabled. Permanently consumes one hw-PMU counter.
[    0.161336] smp: Bringing up secondary CPUs ...
[    0.161482] smpboot: x86: Booting SMP configuration:
[    0.161484] .... node  #0, CPUs:      #1 #2 #3 #4 #5 #6 #7
[    0.167758] MMIO Stale Data CPU bug present and SMT on, data leak possible. See https://www.kernel.org/doc/html/latest/admin-guide/hw-vuln/processor_mmio_stale_data.html for more details.
[    0.167839] smp: Brought up 1 node, 8 CPUs
[    0.167839] smpboot: Max logical packages: 1
[    0.167839] smpboot: Total of 8 processors activated (31999.48 BogoMIPS)
[    0.169169] devtmpfs: initialized
[    0.169169] x86/mm: Memory block size: 128MB
[    0.170436] ACPI: PM: Registering ACPI NVS region [mem 0xb798f000-0xb7b8efff] (2097152 bytes)
[    0.170436] clocksource: jiffies: mask: 0xffffffff max_cycles: 0xffffffff, max_idle_ns: 1911260446275000 ns
[    0.170436] futex hash table entries: 2048 (order: 5, 131072 bytes, linear)
[    0.170436] pinctrl core: initialized pinctrl subsystem
[    0.171029] PM: RTC time: 07:44:11, date: 2024-02-20
[    0.171607] NET: Registered PF_NETLINK/PF_ROUTE protocol family
[    0.171849] DMA: preallocated 1024 KiB GFP_KERNEL pool for atomic allocations
[    0.171854] DMA: preallocated 1024 KiB GFP_KERNEL|GFP_DMA pool for atomic allocations
[    0.171859] DMA: preallocated 1024 KiB GFP_KERNEL|GFP_DMA32 pool for atomic allocations
[    0.171878] audit: initializing netlink subsys (disabled)
[    0.171884] audit: type=2000 audit(1708415051.012:1): state=initialized audit_enabled=0 res=1
[    0.171941] thermal_sys: Registered thermal governor 'fair_share'
[    0.171944] thermal_sys: Registered thermal governor 'bang_bang'
[    0.171946] thermal_sys: Registered thermal governor 'step_wise'
[    0.171947] thermal_sys: Registered thermal governor 'user_space'
[    0.171968] cpuidle: using governor menu
[    0.171968] acpiphp: ACPI Hot Plug PCI Controller Driver version: 0.5
[    0.171968] PCI: MMCONFIG for domain 0000 [bus 00-7f] at [mem 0xf0000000-0xf7ffffff] (base 0xf0000000)
[    0.171968] PCI: not using MMCONFIG
[    0.171968] PCI: Using configuration type 1 for base access
[    0.172761] ENERGY_PERF_BIAS: Set to 'normal', was 'performance'
[    0.172859] kprobes: kprobe jump-optimization is enabled. All kprobes are optimized if possible.
[    0.175789] HugeTLB: registered 1.00 GiB page size, pre-allocated 0 pages
[    0.175792] HugeTLB: 16380 KiB vmemmap can be freed for a 1.00 GiB page
[    0.175796] HugeTLB: registered 2.00 MiB page size, pre-allocated 0 pages
[    0.175799] HugeTLB: 28 KiB vmemmap can be freed for a 2.00 MiB page
[    0.175891] cryptd: max_cpu_qlen set to 1000
[    0.175891] raid6: skipped pq benchmark and selected avx2x4
[    0.175891] raid6: using avx2x2 recovery algorithm
[    0.175925] ACPI: Added _OSI(Module Device)
[    0.175928] ACPI: Added _OSI(Processor Device)
[    0.175929] ACPI: Added _OSI(3.0 _SCP Extensions)
[    0.175929] ACPI: Added _OSI(Processor Aggregator Device)
[    0.266136] ACPI: 22 ACPI AML tables successfully acquired and loaded
[    0.269448] ACPI: [Firmware Bug]: BIOS _OSI(Linux) query ignored
[    0.330706] ACPI BIOS Error (bug): AE_AML_BUFFER_LIMIT, Field [CAP1] at bit offset/length 64/32 exceeds size of target Buffer (64 bits) (20230628/dsopcode-198)
[    0.330715] ACPI Error: Aborting method \_SB._OSC due to previous error (AE_AML_BUFFER_LIMIT) (20230628/psparse-529)
[    0.331225] ACPI: Dynamic OEM Table Load:
[    0.331245] ACPI: SSDT 0xFFFF99FC00EC2800 000400 (v02 PmRef  Cpu0Cst  00003001 INTL 20160527)
[    0.331674] ACPI: Dynamic OEM Table Load:
[    0.331677] ACPI: SSDT 0xFFFF99FC00F72800 00053F (v02 PmRef  Cpu0Ist  00003000 INTL 20160527)
[    0.332988] ACPI: Dynamic OEM Table Load:
[    0.333003] ACPI: SSDT 0xFFFF99FC00F55900 0000F4 (v02 PmRef  Cpu0Psd  00003000 INTL 20160527)
[    0.334557] ACPI: Dynamic OEM Table Load:
[    0.334572] ACPI: SSDT 0xFFFF99FC00F74800 0005FC (v02 PmRef  ApIst    00003000 INTL 20160527)
[    0.335999] ACPI: Dynamic OEM Table Load:
[    0.336015] ACPI: SSDT 0xFFFF99FC00F7E000 000AB0 (v02 PmRef  ApPsd    00003000 INTL 20160527)
[    0.338055] ACPI: Dynamic OEM Table Load:
[    0.338069] ACPI: SSDT 0xFFFF99FC00F81400 00030A (v02 PmRef  ApCst    00003000 INTL 20160527)
[    0.342537] ACPI: _OSC evaluated successfully for all CPUs
[    0.342596] ACPI: EC: EC started
[    0.342597] ACPI: EC: interrupt blocked
[    0.359704] ACPI: EC: EC_CMD/EC_SC=0x66, EC_DATA=0x62
[    0.359709] ACPI: \_SB_.PCI0.LPCB.EC0_: Boot DSDT EC used to handle transactions
[    0.359711] ACPI: Interpreter enabled
[    0.359797] ACPI: PM: (supports S0 S3 S4 S5)
[    0.359799] ACPI: Using IOAPIC for interrupt routing
[    0.361411] PCI: MMCONFIG for domain 0000 [bus 00-7f] at [mem 0xf0000000-0xf7ffffff] (base 0xf0000000)
[    0.365140] PCI: MMCONFIG at [mem 0xf0000000-0xf7ffffff] reserved as ACPI motherboard resource
[    0.365155] PCI: Using host bridge windows from ACPI; if necessary, use "pci=nocrs" and report a bug
[    0.365157] PCI: Using E820 reservations for host bridge windows
[    0.366007] ACPI: Enabled 8 GPEs in block 00 to 7F
[    0.375559] ACPI: \_SB_.PCI0.XDCI.USBC: New power resource
[    0.377473] ACPI: \_SB_.PCI0.RP03.PXP_: New power resource
[    0.379443] ACPI: \_SB_.PCI0.RP05.PXP_: New power resource
[    0.383727] ACPI: \_SB_.PCI0.RP08.PXSX.WRST: New power resource
[    0.390887] ACPI: \_SB_.PCI0.SAT0.VOL0.V0PR: New power resource
[    0.391129] ACPI: \_SB_.PCI0.SAT0.VOL1.V1PR: New power resource
[    0.391356] ACPI: \_SB_.PCI0.SAT0.VOL2.V2PR: New power resource
[    0.399071] ACPI: \_SB_.PCI0.CNVW.WRST: New power resource
[    0.401571] ACPI: \PIN_: New power resource
[    0.402851] ACPI: PCI Root Bridge [PCI0] (domain 0000 [bus 00-7e])
[    0.402861] acpi PNP0A08:00: _OSC: OS supports [ExtendedConfig ASPM ClockPM Segments MSI EDR HPX-Type3]
[    0.404292] acpi PNP0A08:00: _OSC: platform does not support [AER]
[    0.407167] acpi PNP0A08:00: _OSC: OS now controls [PCIeHotplug SHPCHotplug PME PCIeCapability LTR DPC]
[    0.411416] PCI host bridge to bus 0000:00
[    0.411419] pci_bus 0000:00: root bus resource [io  0x0000-0x0cf7 window]
[    0.411423] pci_bus 0000:00: root bus resource [io  0x0d00-0xffff window]
[    0.411426] pci_bus 0000:00: root bus resource [mem 0x000a0000-0x000bffff window]
[    0.411428] pci_bus 0000:00: root bus resource [mem 0xbe800000-0xefffffff window]
[    0.411430] pci_bus 0000:00: root bus resource [mem 0x4000000000-0x7fffffffff window]
[    0.411432] pci_bus 0000:00: root bus resource [mem 0xfc800000-0xfe7fffff window]
[    0.411434] pci_bus 0000:00: root bus resource [bus 00-7e]
[    0.411475] pci 0000:00:00.0: [8086:3e34] type 00 class 0x060000
[    0.411608] pci 0000:00:02.0: [8086:3ea0] type 00 class 0x030000
[    0.411621] pci 0000:00:02.0: reg 0x10: [mem 0xe7000000-0xe7ffffff 64bit]
[    0.411631] pci 0000:00:02.0: reg 0x18: [mem 0xc0000000-0xcfffffff 64bit pref]
[    0.411637] pci 0000:00:02.0: reg 0x20: [io  0x3000-0x303f]
[    0.411660] pci 0000:00:02.0: BAR 2: assigned to efifb
[    0.411665] pci 0000:00:02.0: Video device with shadowed ROM at [mem 0x000c0000-0x000dffff]
[    0.411907] pci 0000:00:04.0: [8086:1903] type 00 class 0x118000
[    0.411920] pci 0000:00:04.0: reg 0x10: [mem 0x4022100000-0x4022107fff 64bit]
[    0.412381] pci 0000:00:12.0: [8086:9df9] type 00 class 0x118000
[    0.412404] pci 0000:00:12.0: reg 0x10: [mem 0x4022111000-0x4022111fff 64bit]
[    0.412587] pci 0000:00:14.0: [8086:9ded] type 00 class 0x0c0330
[    0.412606] pci 0000:00:14.0: reg 0x10: [mem 0xe8220000-0xe822ffff 64bit]
[    0.412672] pci 0000:00:14.0: PME# supported from D3hot D3cold
[    0.413377] pci 0000:00:14.2: [8086:9def] type 00 class 0x050000
[    0.413399] pci 0000:00:14.2: reg 0x10: [mem 0xe8230000-0xe8231fff 64bit]
[    0.413414] pci 0000:00:14.2: reg 0x18: [mem 0x4022110000-0x4022110fff 64bit]
[    0.413701] pci 0000:00:15.0: [8086:9de8] type 00 class 0x0c8000
[    0.413814] pci 0000:00:15.0: reg 0x10: [mem 0x00000000-0x00000fff 64bit]
[    0.414646] pci 0000:00:15.1: [8086:9de9] type 00 class 0x0c8000
[    0.414737] pci 0000:00:15.1: reg 0x10: [mem 0x00000000-0x00000fff 64bit]
[    0.415520] pci 0000:00:16.0: [8086:9de0] type 00 class 0x078000
[    0.415546] pci 0000:00:16.0: reg 0x10: [mem 0x402210d000-0x402210dfff 64bit]
[    0.415641] pci 0000:00:16.0: PME# supported from D3hot
[    0.416400] pci 0000:00:1c.0: [8086:9dbc] type 01 class 0x060400
[    0.416520] pci 0000:00:1c.0: PME# supported from D0 D3hot D3cold
[    0.416553] pci 0000:00:1c.0: PTM enabled (root), 4ns granularity
[    0.417658] pci 0000:00:1c.7: [8086:9dbf] type 01 class 0x060400
[    0.417772] pci 0000:00:1c.7: PME# supported from D0 D3hot D3cold
[    0.417806] pci 0000:00:1c.7: PTM enabled (root), 4ns granularity
[    0.418870] pci 0000:00:1d.0: [8086:9db4] type 01 class 0x060400
[    0.419025] pci 0000:00:1d.0: PME# supported from D0 D3hot D3cold
[    0.419082] pci 0000:00:1d.0: PTM enabled (root), 4ns granularity
[    0.420173] pci 0000:00:1f.0: [8086:9d84] type 00 class 0x060100
[    0.420670] pci 0000:00:1f.3: [8086:9dc8] type 00 class 0x040100
[    0.420724] pci 0000:00:1f.3: reg 0x10: [mem 0x4022108000-0x402210bfff 64bit]
[    0.420792] pci 0000:00:1f.3: reg 0x20: [mem 0x4022000000-0x40220fffff 64bit]
[    0.420935] pci 0000:00:1f.3: PME# supported from D3hot D3cold
[    0.422329] pci 0000:00:1f.4: [8086:9da3] type 00 class 0x0c0500
[    0.422357] pci 0000:00:1f.4: reg 0x10: [mem 0x402210c000-0x402210c0ff 64bit]
[    0.422383] pci 0000:00:1f.4: reg 0x20: [io  0xefa0-0xefbf]
[    0.422768] pci 0000:00:1f.5: [8086:9da4] type 00 class 0x0c8000
[    0.422789] pci 0000:00:1f.5: reg 0x10: [mem 0xfe010000-0xfe010fff]
[    0.422969] pci 0000:00:1f.6: [8086:15be] type 00 class 0x020000
[    0.423009] pci 0000:00:1f.6: reg 0x10: [mem 0xe8200000-0xe821ffff]
[    0.423207] pci 0000:00:1f.6: PME# supported from D0 D3hot D3cold
[    0.423737] pci 0000:01:00.0: [8086:15e7] type 01 class 0x060400
[    0.423798] pci 0000:01:00.0: enabling Extended Tags
[    0.423914] pci 0000:01:00.0: supports D1 D2
[    0.423916] pci 0000:01:00.0: PME# supported from D0 D1 D2 D3hot D3cold
[    0.424018] pci 0000:01:00.0: PTM enabled, 4ns granularity
[    0.424050] pci 0000:01:00.0: 15.752 Gb/s available PCIe bandwidth, limited by 8.0 GT/s PCIe x2 link at 0000:00:1c.0 (capable of 31.504 Gb/s with 8.0 GT/s PCIe x4 link)
[    0.424228] pci 0000:00:1c.0: PCI bridge to [bus 01-39]
[    0.424235] pci 0000:00:1c.0:   bridge window [mem 0xd0000000-0xe60fffff]
[    0.424240] pci 0000:00:1c.0:   bridge window [mem 0x4000000000-0x4021ffffff 64bit pref]
[    0.424328] pci 0000:02:00.0: [8086:15e7] type 01 class 0x060400
[    0.424390] pci 0000:02:00.0: enabling Extended Tags
[    0.424505] pci 0000:02:00.0: supports D1 D2
[    0.424507] pci 0000:02:00.0: PME# supported from D0 D1 D2 D3hot D3cold
[    0.424725] pci 0000:02:01.0: [8086:15e7] type 01 class 0x060400
[    0.424788] pci 0000:02:01.0: enabling Extended Tags
[    0.424908] pci 0000:02:01.0: supports D1 D2
[    0.424909] pci 0000:02:01.0: PME# supported from D0 D1 D2 D3hot D3cold
[    0.425126] pci 0000:02:02.0: [8086:15e7] type 01 class 0x060400
[    0.425187] pci 0000:02:02.0: enabling Extended Tags
[    0.425300] pci 0000:02:02.0: supports D1 D2
[    0.425301] pci 0000:02:02.0: PME# supported from D0 D1 D2 D3hot D3cold
[    0.425558] pci 0000:01:00.0: PCI bridge to [bus 02-39]
[    0.425568] pci 0000:01:00.0:   bridge window [mem 0xd0000000-0xe60fffff]
[    0.425576] pci 0000:01:00.0:   bridge window [mem 0x4000000000-0x4021ffffff 64bit pref]
[    0.425672] pci 0000:03:00.0: [8086:15e8] type 00 class 0x088000
[    0.425695] pci 0000:03:00.0: reg 0x10: [mem 0xe6000000-0xe603ffff]
[    0.425709] pci 0000:03:00.0: reg 0x14: [mem 0xe6040000-0xe6040fff]
[    0.425777] pci 0000:03:00.0: enabling Extended Tags
[    0.425895] pci 0000:03:00.0: supports D1 D2
[    0.425897] pci 0000:03:00.0: PME# supported from D0 D1 D2 D3hot D3cold
[    0.426118] pci 0000:02:00.0: PCI bridge to [bus 03]
[    0.426128] pci 0000:02:00.0:   bridge window [mem 0xe6000000-0xe60fffff]
[    0.426187] pci 0000:02:01.0: PCI bridge to [bus 04-38]
[    0.426197] pci 0000:02:01.0:   bridge window [mem 0xd0000000-0xe5efffff]
[    0.426204] pci 0000:02:01.0:   bridge window [mem 0x4000000000-0x4021ffffff 64bit pref]
[    0.426299] pci 0000:39:00.0: [8086:15e9] type 00 class 0x0c0330
[    0.426324] pci 0000:39:00.0: reg 0x10: [mem 0xe5f00000-0xe5f0ffff]
[    0.426409] pci 0000:39:00.0: enabling Extended Tags
[    0.426542] pci 0000:39:00.0: supports D1 D2
[    0.426544] pci 0000:39:00.0: PME# supported from D0 D1 D2 D3hot D3cold
[    0.426672] pci 0000:39:00.0: 8.000 Gb/s available PCIe bandwidth, limited by 2.5 GT/s PCIe x4 link at 0000:02:02.0 (capable of 31.504 Gb/s with 8.0 GT/s PCIe x4 link)
[    0.426860] pci 0000:02:02.0: PCI bridge to [bus 39]
[    0.426870] pci 0000:02:02.0:   bridge window [mem 0xe5f00000-0xe5ffffff]
[    0.427134] pci 0000:3a:00.0: [8086:2723] type 00 class 0x028000
[    0.427207] pci 0000:3a:00.0: reg 0x10: [mem 0xe8100000-0xe8103fff 64bit]
[    0.427550] pci 0000:3a:00.0: PME# supported from D0 D3hot D3cold
[    0.428480] pci 0000:00:1c.7: PCI bridge to [bus 3a]
[    0.428489] pci 0000:00:1c.7:   bridge window [mem 0xe8100000-0xe81fffff]
[    0.428740] pci 0000:3b:00.0: [1179:0113] type 00 class 0x010802
[    0.428767] pci 0000:3b:00.0: reg 0x10: [mem 0xe8000000-0xe8003fff 64bit]
[    0.428901] pci 0000:3b:00.0: PME# supported from D0 D3hot
[    0.429110] pci 0000:00:1d.0: PCI bridge to [bus 3b]
[    0.429115] pci 0000:00:1d.0:   bridge window [mem 0xe8000000-0xe80fffff]
[    0.435067] ACPI: EC: interrupt unblocked
[    0.435069] ACPI: EC: event unblocked
[    0.435078] ACPI: EC: EC_CMD/EC_SC=0x66, EC_DATA=0x62
[    0.435080] ACPI: EC: GPE=0x6e
[    0.435082] ACPI: \_SB_.PCI0.LPCB.EC0_: Boot DSDT EC initialization complete
[    0.435086] ACPI: \_SB_.PCI0.LPCB.EC0_: EC: Used to handle transactions and events
[    0.435200] iommu: Default domain type: Translated
[    0.435200] iommu: DMA domain TLB invalidation policy: lazy mode
[    0.435200] SCSI subsystem initialized
[    0.435200] libata version 3.00 loaded.
[    0.435200] ACPI: bus type USB registered
[    0.435200] usbcore: registered new interface driver usbfs
[    0.435200] usbcore: registered new interface driver hub
[    0.435200] usbcore: registered new device driver usb
[    0.435200] pps_core: LinuxPPS API ver. 1 registered
[    0.435200] pps_core: Software ver. 5.3.6 - Copyright 2005-2007 Rodolfo Giometti <giometti@linux.it>
[    0.435200] PTP clock support registered
[    0.435200] EDAC MC: Ver: 3.0.0
[    0.436036] efivars: Registered efivars operations
[    0.436040] NetLabel: Initializing
[    0.436042] NetLabel:  domain hash size = 128
[    0.436043] NetLabel:  protocols = UNLABELED CIPSOv4 CALIPSO
[    0.436057] NetLabel:  unlabeled traffic allowed by default
[    0.436057] mctp: management component transport protocol core
[    0.436057] NET: Registered PF_MCTP protocol family
[    0.436057] PCI: Using ACPI for IRQ routing
[    0.450738] PCI: pci_cache_line_size set to 64 bytes
[    0.451121] e820: reserve RAM buffer [mem 0x0005c000-0x0005ffff]
[    0.451124] e820: reserve RAM buffer [mem 0x970f2000-0x97ffffff]
[    0.451126] e820: reserve RAM buffer [mem 0x97904000-0x97ffffff]
[    0.451128] e820: reserve RAM buffer [mem 0x9e154018-0x9fffffff]
[    0.451129] e820: reserve RAM buffer [mem 0xb2c2e000-0xb3ffffff]
[    0.451131] e820: reserve RAM buffer [mem 0xb66ab000-0xb7ffffff]
[    0.451133] e820: reserve RAM buffer [mem 0xb7c10000-0xb7ffffff]
[    0.451134] e820: reserve RAM buffer [mem 0x23d800000-0x23fffffff]
[    0.451178] pci 0000:00:02.0: vgaarb: setting as boot VGA device
[    0.451178] pci 0000:00:02.0: vgaarb: bridge control possible
[    0.451178] pci 0000:00:02.0: vgaarb: VGA device added: decodes=io+mem,owns=io+mem,locks=none
[    0.451178] vgaarb: loaded
[    0.451178] clocksource: Switched to clocksource tsc-early
[    0.451744] VFS: Disk quotas dquot_6.6.0
[    0.451759] VFS: Dquot-cache hash table entries: 512 (order 0, 4096 bytes)
[    0.451856] pnp: PnP ACPI init
[    0.451970] system 00:00: [mem 0x40000000-0x403fffff] could not be reserved
[    0.452446] system 00:01: [io  0x1800-0x18fe] has been reserved
[    0.452452] system 00:01: [mem 0xfd000000-0xfd69ffff] has been reserved
[    0.452455] system 00:01: [mem 0xfd6b0000-0xfd6cffff] has been reserved
[    0.452458] system 00:01: [mem 0xfd6f0000-0xfdffffff] has been reserved
[    0.452460] system 00:01: [mem 0xfe000000-0xfe01ffff] could not be reserved
[    0.452463] system 00:01: [mem 0xfe200000-0xfe7fffff] has been reserved
[    0.452466] system 00:01: [mem 0xff000000-0xffffffff] has been reserved
[    0.452936] system 00:02: [io  0x2000-0x20fe] has been reserved
[    0.453144] system 00:03: [io  0x0680-0x069f] has been reserved
[    0.453148] system 00:03: [io  0x164e-0x164f] has been reserved
[    0.453358] system 00:05: [io  0x1854-0x1857] has been reserved
[    0.453478] system 00:08: [io  0x0200-0x027f] has been reserved
[    0.453483] system 00:08: [mem 0xfedf0000-0xfedfffff] has been reserved
[    0.455839] system 00:0a: [mem 0xfed10000-0xfed17fff] has been reserved
[    0.455844] system 00:0a: [mem 0xfed18000-0xfed18fff] has been reserved
[    0.455847] system 00:0a: [mem 0xfed19000-0xfed19fff] has been reserved
[    0.455849] system 00:0a: [mem 0xf0000000-0xf7ffffff] has been reserved
[    0.455853] system 00:0a: [mem 0xfed20000-0xfed3ffff] has been reserved
[    0.455855] system 00:0a: [mem 0xfed90000-0xfed93fff] could not be reserved
[    0.455858] system 00:0a: [mem 0xfed45000-0xfed8ffff] has been reserved
[    0.455861] system 00:0a: [mem 0xfee00000-0xfeefffff] has been reserved
[    0.456160] pnp: PnP ACPI: found 11 devices
[    0.462330] clocksource: acpi_pm: mask: 0xffffff max_cycles: 0xffffff, max_idle_ns: 2085701024 ns
[    0.462442] NET: Registered PF_INET protocol family
[    0.462560] IP idents hash table entries: 131072 (order: 8, 1048576 bytes, linear)
[    0.464942] tcp_listen_portaddr_hash hash table entries: 4096 (order: 4, 65536 bytes, linear)
[    0.464965] Table-perturb hash table entries: 65536 (order: 6, 262144 bytes, linear)
[    0.464977] TCP established hash table entries: 65536 (order: 7, 524288 bytes, linear)
[    0.465079] TCP bind hash table entries: 65536 (order: 9, 2097152 bytes, linear)
[    0.465559] TCP: Hash tables configured (established 65536 bind 65536)
[    0.465651] MPTCP token hash table entries: 8192 (order: 5, 196608 bytes, linear)
[    0.465680] UDP hash table entries: 4096 (order: 5, 131072 bytes, linear)
[    0.465710] UDP-Lite hash table entries: 4096 (order: 5, 131072 bytes, linear)
[    0.465777] NET: Registered PF_UNIX/PF_LOCAL protocol family
[    0.465787] NET: Registered PF_XDP protocol family
[    0.465794] pci 0000:02:01.0: bridge window [io  0x1000-0x0fff] to [bus 04-38] add_size 1000
[    0.465800] pci 0000:01:00.0: bridge window [io  0x1000-0x0fff] to [bus 02-39] add_size 1000
[    0.465804] pci 0000:00:1c.0: bridge window [io  0x1000-0x0fff] to [bus 01-39] add_size 2000
[    0.465814] pci 0000:00:15.0: BAR 0: assigned [mem 0x402210e000-0x402210efff 64bit]
[    0.465879] pci 0000:00:15.1: BAR 0: assigned [mem 0x402210f000-0x402210ffff 64bit]
[    0.465936] pci 0000:00:1c.0: BAR 13: assigned [io  0x4000-0x5fff]
[    0.465941] pci 0000:01:00.0: BAR 13: assigned [io  0x4000-0x4fff]
[    0.465944] pci 0000:02:01.0: BAR 13: assigned [io  0x4000-0x4fff]
[    0.465947] pci 0000:02:00.0: PCI bridge to [bus 03]
[    0.465954] pci 0000:02:00.0:   bridge window [mem 0xe6000000-0xe60fffff]
[    0.465964] pci 0000:02:01.0: PCI bridge to [bus 04-38]
[    0.465967] pci 0000:02:01.0:   bridge window [io  0x4000-0x4fff]
[    0.465973] pci 0000:02:01.0:   bridge window [mem 0xd0000000-0xe5efffff]
[    0.465977] pci 0000:02:01.0:   bridge window [mem 0x4000000000-0x4021ffffff 64bit pref]
[    0.465985] pci 0000:02:02.0: PCI bridge to [bus 39]
[    0.465991] pci 0000:02:02.0:   bridge window [mem 0xe5f00000-0xe5ffffff]
[    0.466001] pci 0000:01:00.0: PCI bridge to [bus 02-39]
[    0.466004] pci 0000:01:00.0:   bridge window [io  0x4000-0x4fff]
[    0.466010] pci 0000:01:00.0:   bridge window [mem 0xd0000000-0xe60fffff]
[    0.466014] pci 0000:01:00.0:   bridge window [mem 0x4000000000-0x4021ffffff 64bit pref]
[    0.466021] pci 0000:00:1c.0: PCI bridge to [bus 01-39]
[    0.466024] pci 0000:00:1c.0:   bridge window [io  0x4000-0x5fff]
[    0.466028] pci 0000:00:1c.0:   bridge window [mem 0xd0000000-0xe60fffff]
[    0.466031] pci 0000:00:1c.0:   bridge window [mem 0x4000000000-0x4021ffffff 64bit pref]
[    0.466037] pci 0000:00:1c.7: PCI bridge to [bus 3a]
[    0.466041] pci 0000:00:1c.7:   bridge window [mem 0xe8100000-0xe81fffff]
[    0.466048] pci 0000:00:1d.0: PCI bridge to [bus 3b]
[    0.466052] pci 0000:00:1d.0:   bridge window [mem 0xe8000000-0xe80fffff]
[    0.466059] pci_bus 0000:00: resource 4 [io  0x0000-0x0cf7 window]
[    0.466062] pci_bus 0000:00: resource 5 [io  0x0d00-0xffff window]
[    0.466064] pci_bus 0000:00: resource 6 [mem 0x000a0000-0x000bffff window]
[    0.466066] pci_bus 0000:00: resource 7 [mem 0xbe800000-0xefffffff window]
[    0.466068] pci_bus 0000:00: resource 8 [mem 0x4000000000-0x7fffffffff window]
[    0.466070] pci_bus 0000:00: resource 9 [mem 0xfc800000-0xfe7fffff window]
[    0.466072] pci_bus 0000:01: resource 0 [io  0x4000-0x5fff]
[    0.466074] pci_bus 0000:01: resource 1 [mem 0xd0000000-0xe60fffff]
[    0.466076] pci_bus 0000:01: resource 2 [mem 0x4000000000-0x4021ffffff 64bit pref]
[    0.466078] pci_bus 0000:02: resource 0 [io  0x4000-0x4fff]
[    0.466080] pci_bus 0000:02: resource 1 [mem 0xd0000000-0xe60fffff]
[    0.466082] pci_bus 0000:02: resource 2 [mem 0x4000000000-0x4021ffffff 64bit pref]
[    0.466084] pci_bus 0000:03: resource 1 [mem 0xe6000000-0xe60fffff]
[    0.466086] pci_bus 0000:04: resource 0 [io  0x4000-0x4fff]
[    0.466088] pci_bus 0000:04: resource 1 [mem 0xd0000000-0xe5efffff]
[    0.466090] pci_bus 0000:04: resource 2 [mem 0x4000000000-0x4021ffffff 64bit pref]
[    0.466092] pci_bus 0000:39: resource 1 [mem 0xe5f00000-0xe5ffffff]
[    0.466094] pci_bus 0000:3a: resource 1 [mem 0xe8100000-0xe81fffff]
[    0.466096] pci_bus 0000:3b: resource 1 [mem 0xe8000000-0xe80fffff]
[    0.466241] pci 0000:00:14.0: enabling device (0000 -> 0002)
[    0.467426] PCI: CLS 128 bytes, default 64
[    0.467450] PCI-DMA: Using software bounce buffering for IO (SWIOTLB)
[    0.467451] software IO TLB: mapped [mem 0x00000000ad5a9000-0x00000000b15a9000] (64MB)
[    0.467482] Trying to unpack rootfs image as initramfs...
[    0.476182] Initialise system trusted keyrings
[    0.476203] Key type blacklist registered
[    0.476249] workingset: timestamp_bits=36 max_order=21 bucket_order=0
[    0.476264] zbud: loaded
[    0.476804] integrity: Platform Keyring initialized
[    0.476810] integrity: Machine keyring initialized
[    0.495917] NET: Registered PF_ALG protocol family
[    0.495922] xor: automatically using best checksumming function   avx       
[    0.495924] Key type asymmetric registered
[    0.495926] Asymmetric key parser 'x509' registered
[    1.208946] Freeing initrd memory: 37296K
[    1.214132] Block layer SCSI generic (bsg) driver version 0.4 loaded (major 245)
[    1.214189] io scheduler mq-deadline registered
[    1.214191] io scheduler kyber registered
[    1.214209] io scheduler bfq registered
[    1.216628] atomic64_test: passed for x86-64 platform with CX8 and with SSE
[    1.217124] pcieport 0000:00:1c.0: PME: Signaling with IRQ 122
[    1.217161] pcieport 0000:00:1c.0: pciehp: Slot #4 AttnBtn- PwrCtrl- MRL- AttnInd- PwrInd- HotPlug+ Surprise+ Interlock- NoCompl+ IbPresDis- LLActRep+
[    1.217615] pcieport 0000:00:1c.7: PME: Signaling with IRQ 123
[    1.217920] pcieport 0000:00:1d.0: PME: Signaling with IRQ 124
[    1.218636] pcieport 0000:02:01.0: pciehp: Slot #1 AttnBtn- PwrCtrl- MRL- AttnInd- PwrInd- HotPlug+ Surprise+ Interlock- NoCompl+ IbPresDis- LLActRep+
[    1.219019] shpchp: Standard Hot Plug PCI Controller Driver version: 0.4
[    1.220110] ACPI: AC: AC Adapter [AC] (on-line)
[    1.220202] input: Sleep Button as /devices/LNXSYSTM:00/LNXSYBUS:00/PNP0C0E:00/input/input0
[    1.220230] ACPI: button: Sleep Button [SLPB]
[    1.220272] input: Lid Switch as /devices/LNXSYSTM:00/LNXSYBUS:00/PNP0C0D:00/input/input1
[    1.220297] ACPI: button: Lid Switch [LID]
[    1.220335] input: Power Button as /devices/LNXSYSTM:00/LNXSYBUS:00/PNP0C0C:00/input/input2
[    1.220358] ACPI: button: Power Button [PWRB]
[    1.220400] input: Power Button as /devices/LNXSYSTM:00/LNXPWRBN:00/input/input3
[    1.220462] ACPI: button: Power Button [PWRF]
[    1.221947] thermal LNXTHERM:00: registered as thermal_zone0
[    1.221951] ACPI: thermal: Thermal Zone [HEPZ] (30 C)
[    1.226859] thermal LNXTHERM:01: registered as thermal_zone1
[    1.226863] ACPI: thermal: Thermal Zone [CPUZ] (30 C)
[    1.232069] thermal LNXTHERM:02: registered as thermal_zone2
[    1.232074] ACPI: thermal: Thermal Zone [GFXZ] (0 C)
[    1.236672] thermal LNXTHERM:03: registered as thermal_zone3
[    1.236676] ACPI: thermal: Thermal Zone [EXTZ] (0 C)
[    1.240663] thermal LNXTHERM:04: registered as thermal_zone4
[    1.240668] ACPI: thermal: Thermal Zone [LOCZ] (33 C)
[    1.248606] thermal LNXTHERM:05: registered as thermal_zone5
[    1.248611] ACPI: thermal: Thermal Zone [BATZ] (28 C)
[    1.248649] ACPI BIOS Error (bug): AE_AML_PACKAGE_LIMIT, Index (0x000000005) is beyond end of object (length 0x5) (20230628/exoparg2-393)
[    1.248661] ACPI Error: Aborting method \_TZ.GETP due to previous error (AE_AML_PACKAGE_LIMIT) (20230628/psparse-529)
[    1.248669] ACPI Error: Aborting method \_TZ.CHGZ._CRT due to previous error (AE_AML_PACKAGE_LIMIT) (20230628/psparse-529)
[    1.250012] ACPI BIOS Error (bug): AE_AML_PACKAGE_LIMIT, Index (0x000000005) is beyond end of object (length 0x5) (20230628/exoparg2-393)
[    1.250024] ACPI Error: Aborting method \_TZ.GETP due to previous error (AE_AML_PACKAGE_LIMIT) (20230628/psparse-529)
[    1.250032] ACPI Error: Aborting method \_TZ.CHGZ._CRT due to previous error (AE_AML_PACKAGE_LIMIT) (20230628/psparse-529)
[    1.250040] ACPI: thermal: [Firmware Bug]: No valid trip points!
[    1.254609] thermal LNXTHERM:07: registered as thermal_zone6
[    1.254614] ACPI: thermal: Thermal Zone [PCHZ] (0 C)
[    1.254937] Serial: 8250/16550 driver, 32 ports, IRQ sharing enabled
[    1.258308] hpet_acpi_add: no address or irqs in _CRS
[    1.258367] Non-volatile memory driver v1.3
[    1.258377] Linux agpgart interface v0.103
[    1.262463] tpm_tis IFX0785:00: 2.0 TPM (device-id 0x1B, rev-id 22)
[    1.278968] ACPI: battery: Slot [BAT0] (battery present)
[    1.284687] ACPI: bus type drm_connector registered
[    1.286107] intel-lpss 0000:00:15.0: enabling device (0000 -> 0002)
[    1.296191] intel-lpss 0000:00:15.1: enabling device (0000 -> 0002)
[    1.307119] xhci_hcd 0000:00:14.0: xHCI Host Controller
[    1.307292] xhci_hcd 0000:00:14.0: new USB bus registered, assigned bus number 1
[    1.308394] xhci_hcd 0000:00:14.0: hcc params 0x200077c1 hci version 0x110 quirks 0x0000000000009810
[    1.308683] xhci_hcd 0000:00:14.0: xHCI Host Controller
[    1.308842] xhci_hcd 0000:00:14.0: new USB bus registered, assigned bus number 2
[    1.308849] xhci_hcd 0000:00:14.0: Host supports USB 3.1 Enhanced SuperSpeed
[    1.308965] usb usb1: New USB device found, idVendor=1d6b, idProduct=0002, bcdDevice= 6.07
[    1.308971] usb usb1: New USB device strings: Mfr=3, Product=2, SerialNumber=1
[    1.308974] usb usb1: Product: xHCI Host Controller
[    1.308976] usb usb1: Manufacturer: Linux 6.7.4-200.fc39.x86_64 xhci-hcd
[    1.308978] usb usb1: SerialNumber: 0000:00:14.0
[    1.309209] hub 1-0:1.0: USB hub found
[    1.309229] hub 1-0:1.0: 12 ports detected
[    1.311376] usb usb2: New USB device found, idVendor=1d6b, idProduct=0003, bcdDevice= 6.07
[    1.311381] usb usb2: New USB device strings: Mfr=3, Product=2, SerialNumber=1
[    1.311384] usb usb2: Product: xHCI Host Controller
[    1.311386] usb usb2: Manufacturer: Linux 6.7.4-200.fc39.x86_64 xhci-hcd
[    1.311388] usb usb2: SerialNumber: 0000:00:14.0
[    1.311611] hub 2-0:1.0: USB hub found
[    1.311627] hub 2-0:1.0: 6 ports detected
[    1.312262] usb: port power management may be unreliable
[    1.312731] xhci_hcd 0000:39:00.0: xHCI Host Controller
[    1.312828] xhci_hcd 0000:39:00.0: new USB bus registered, assigned bus number 3
[    1.313989] xhci_hcd 0000:39:00.0: hcc params 0x200077c1 hci version 0x110 quirks 0x0000000200009810
[    1.314310] xhci_hcd 0000:39:00.0: xHCI Host Controller
[    1.314409] xhci_hcd 0000:39:00.0: new USB bus registered, assigned bus number 4
[    1.314413] xhci_hcd 0000:39:00.0: Host supports USB 3.1 Enhanced SuperSpeed
[    1.314456] usb usb3: New USB device found, idVendor=1d6b, idProduct=0002, bcdDevice= 6.07
[    1.314460] usb usb3: New USB device strings: Mfr=3, Product=2, SerialNumber=1
[    1.314463] usb usb3: Product: xHCI Host Controller
[    1.314465] usb usb3: Manufacturer: Linux 6.7.4-200.fc39.x86_64 xhci-hcd
[    1.314467] usb usb3: SerialNumber: 0000:39:00.0
[    1.314635] hub 3-0:1.0: USB hub found
[    1.314647] hub 3-0:1.0: 2 ports detected
[    1.315293] usb usb4: New USB device found, idVendor=1d6b, idProduct=0003, bcdDevice= 6.07
[    1.315298] usb usb4: New USB device strings: Mfr=3, Product=2, SerialNumber=1
[    1.315300] usb usb4: Product: xHCI Host Controller
[    1.315302] usb usb4: Manufacturer: Linux 6.7.4-200.fc39.x86_64 xhci-hcd
[    1.315304] usb usb4: SerialNumber: 0000:39:00.0
[    1.315461] hub 4-0:1.0: USB hub found
[    1.315473] hub 4-0:1.0: 2 ports detected
[    1.316097] usbcore: registered new interface driver usbserial_generic
[    1.316105] usbserial: USB Serial support registered for generic
[    1.316155] i8042: PNP: PS/2 Controller [PNP0303:PS2K,PNP0f13:PS2M] at 0x60,0x64 irq 1,12
[    1.316918] i8042: Detected active multiplexing controller, rev 1.1
[    1.317621] serio: i8042 KBD port at 0x60,0x64 irq 1
[    1.317628] serio: i8042 AUX0 port at 0x60,0x64 irq 12
[    1.317667] serio: i8042 AUX1 port at 0x60,0x64 irq 12
[    1.317693] serio: i8042 AUX2 port at 0x60,0x64 irq 12
[    1.317717] serio: i8042 AUX3 port at 0x60,0x64 irq 12
[    1.317868] mousedev: PS/2 mouse device common for all mice
[    1.318159] rtc_cmos 00:04: RTC can wake from S4
[    1.319460] rtc_cmos 00:04: registered as rtc0
[    1.319693] rtc_cmos 00:04: setting system clock to 2024-02-20T07:44:12 UTC (1708415052)
[    1.319725] rtc_cmos 00:04: alarms up to one month, y3k, 242 bytes nvram
[    1.320147] device-mapper: core: CONFIG_IMA_DISABLE_HTABLE is disabled. Duplicate IMA measurements will not be recorded in the IMA log.
[    1.320154] device-mapper: uevent: version 1.0.3
[    1.320225] device-mapper: ioctl: 4.48.0-ioctl (2023-03-01) initialised: dm-devel@redhat.com
[    1.320381] intel_pstate: Intel P-state driver initializing
[    1.321088] intel_pstate: HWP enabled
[    1.321444] [drm] Initialized simpledrm 1.0.0 20200625 for simple-framebuffer.0 on minor 0
[    1.321777] fbcon: Deferring console take-over
[    1.321779] simple-framebuffer simple-framebuffer.0: [drm] fb0: simpledrmdrmfb frame buffer device
[    1.321829] hid: raw HID events driver (C) Jiri Kosina
[    1.321896] usbcore: registered new interface driver usbhid
[    1.321897] usbhid: USB HID core driver
[    1.321976] intel_pmc_core intel_pmc_core.0:  initialized
[    1.322096] drop_monitor: Initializing network drop monitor service
[    1.334276] input: AT Translated Set 2 keyboard as /devices/platform/i8042/serio0/input/input4
[    1.336354] Initializing XFRM netlink socket
[    1.336379] NET: Registered PF_INET6 protocol family
[    1.339922] Segment Routing with IPv6
[    1.339924] RPL Segment Routing with IPv6
[    1.339930] In-situ OAM (IOAM) with IPv6
[    1.339947] mip6: Mobile IPv6
[    1.339949] NET: Registered PF_PACKET protocol family
[    1.340783] microcode: Current revision: 0x000000f8
[    1.340784] microcode: Updated early from: 0x000000ec
[    1.341115] IPI shorthand broadcast: enabled
[    1.341119] AVX2 version of gcm_enc/dec engaged.
[    1.341165] AES CTR mode by8 optimization enabled
[    1.342506] sched_clock: Marking stable (1331000776, 11194016)->(1397497095, -55302303)
[    1.342747] registered taskstats version 1
[    1.343112] Loading compiled-in X.509 certificates
[    1.350068] Loaded X.509 cert 'Fedora kernel signing key: d983cfc61bf50f303dcbbfe67830fd3c5256a307'
[    1.351641] page_owner is disabled
[    1.351769] Key type .fscrypt registered
[    1.351770] Key type fscrypt-provisioning registered
[    1.352130] Btrfs loaded, zoned=yes, fsverity=yes
[    1.352142] Key type big_key registered
[    1.352147] Key type trusted registered
[    1.364958] Key type encrypted registered
[    1.365963] integrity: Loading X.509 certificate: UEFI:db
[    1.365984] integrity: Loaded X.509 cert 'HP Inc.: HP UEFI Secure Boot DB 2017: d9c01b50cfcae89d3b05345c163aa76e5dd589e7'
[    1.365985] integrity: Loading X.509 certificate: UEFI:db
[    1.365999] integrity: Loaded X.509 cert 'Microsoft Windows Production PCA 2011: a92902398e16c49778cd90f99e4f9ae17c55af53'
[    1.365999] integrity: Loading X.509 certificate: UEFI:db
[    1.366011] integrity: Loaded X.509 cert 'Microsoft Corporation UEFI CA 2011: 13adbf4309bd82709c8cd54f316ed522988a1bd4'
[    1.367282] Loading compiled-in module X.509 certificates
[    1.367630] Loaded X.509 cert 'Fedora kernel signing key: d983cfc61bf50f303dcbbfe67830fd3c5256a307'
[    1.367633] ima: Allocated hash algorithm: sha256
[    1.413405] ima: No architecture policies found
[    1.413435] evm: Initialising EVM extended attributes:
[    1.413436] evm: security.selinux
[    1.413438] evm: security.SMACK64 (disabled)
[    1.413439] evm: security.SMACK64EXEC (disabled)
[    1.413440] evm: security.SMACK64TRANSMUTE (disabled)
[    1.413441] evm: security.SMACK64MMAP (disabled)
[    1.413442] evm: security.apparmor (disabled)
[    1.413442] evm: security.ima
[    1.413443] evm: security.capability
[    1.413444] evm: HMAC attrs: 0x1
[    1.472264] tsc: Refined TSC clocksource calibration: 1992.000 MHz
[    1.472275] clocksource: tsc: mask: 0xffffffffffffffff max_cycles: 0x396d519840e, max_idle_ns: 881590569543 ns
[    1.472346] clocksource: Switched to clocksource tsc
[    1.500448] alg: No test for 842 (842-scomp)
[    1.500491] alg: No test for 842 (842-generic)
[    1.553278] usb 1-2: new high-speed USB device number 2 using xhci_hcd
[    1.622013] PM:   Magic number: 12:901:723
[    1.625312] RAS: Correctable Errors collector initialized.
[    1.679913] usb 1-2: New USB device found, idVendor=2148, idProduct=7022, bcdDevice= 1.00
[    1.679918] usb 1-2: New USB device strings: Mfr=0, Product=1, SerialNumber=0
[    1.679920] usb 1-2: Product: USB2.0 HUB
[    1.680704] hub 1-2:1.0: USB hub found
[    1.680764] hub 1-2:1.0: 4 ports detected
[    2.263495] input: PS/2 Generic Mouse as /devices/platform/i8042/serio2/input/input10
[    2.537658] usb 1-8: new full-speed USB device number 4 using xhci_hcd
[    2.666623] usb 1-8: New USB device found, idVendor=06cb, idProduct=00b7, bcdDevice= 1.64
[    2.666635] usb 1-8: New USB device strings: Mfr=0, Product=0, SerialNumber=1
[    2.666640] usb 1-8: SerialNumber: 84bc94860636
[    2.784309] usb 1-9: new high-speed USB device number 5 using xhci_hcd
[    2.983032] usb 1-9: New USB device found, idVendor=04ca, idProduct=7089, bcdDevice= 0.09
[    2.983045] usb 1-9: New USB device strings: Mfr=1, Product=2, SerialNumber=3
[    2.983050] usb 1-9: Product: HP HD Camera
[    2.983054] usb 1-9: Manufacturer: SunplusIT Inc
[    2.983057] usb 1-9: SerialNumber: 01.00.00
[    3.049351] psmouse serio3: synaptics: queried max coordinates: x [..5658], y [..4730]
[    3.081589] psmouse serio3: synaptics: queried min coordinates: x [1286..], y [1184..]
[    3.081635] psmouse serio3: synaptics: Your touchpad (PNP: SYN3091 SYN0100 SYN0002 PNP0f13) says it can support a different bus. If i2c-hid and hid-rmi are not used, you might want to try setting psmouse.synaptics_intertouch to 1 and report this to linux-input@vger.kernel.org.
[    3.112305] usb 1-10: new full-speed USB device number 6 using xhci_hcd
[    3.140922] psmouse serio3: synaptics: Touchpad model: 1, fw: 10.16, id: 0x1e2a1, caps: 0xf00523/0x840300/0x12e800/0x500000, board id: 3352, fw id: 3170022
[    3.178477] input: SynPS/2 Synaptics TouchPad as /devices/platform/i8042/serio3/input/input11
[    3.182376] clk: Disabling unused clocks
[    3.185023] Freeing unused decrypted memory: 2028K
[    3.185832] Freeing unused kernel image (initmem) memory: 4588K
[    3.188417] Write protecting the kernel read-only data: 36864k
[    3.188964] Freeing unused kernel image (rodata/data gap) memory: 1636K
[    3.203733] x86/mm: Checked W+X mappings: passed, no W+X pages found.
[    3.203738] Run /init as init process
[    3.203739]   with arguments:
[    3.203741]     /init
[    3.203742]     rhgb
[    3.203743]   with environment:
[    3.203744]     HOME=/
[    3.203744]     TERM=linux
[    3.203745]     BOOT_IMAGE=(hd0,gpt5)/boot/vmlinuz-6.7.4-200.fc39.x86_64
[    3.242127] usb 1-10: New USB device found, idVendor=8087, idProduct=0029, bcdDevice= 0.01
[    3.242129] usb 1-10: New USB device strings: Mfr=0, Product=0, SerialNumber=0
[    3.327666] systemd[1]: systemd 254.9-1.fc39 running in system mode (+PAM +AUDIT +SELINUX -APPARMOR +IMA +SMACK +SECCOMP -GCRYPT +GNUTLS +OPENSSL +ACL +BLKID +CURL +ELFUTILS +FIDO2 +IDN2 -IDN -IPTC +KMOD +LIBCRYPTSETUP +LIBFDISK +PCRE2 +PWQUALITY +P11KIT +QRENCODE +TPM2 +BZIP2 +LZ4 +XZ +ZLIB +ZSTD +BPF_FRAMEWORK +XKBCOMMON +UTMP +SYSVINIT default-hierarchy=unified)
[    3.327670] systemd[1]: Detected architecture x86-64.
[    3.327671] systemd[1]: Running in initrd.
[    3.327794] systemd[1]: No hostname configured, using default hostname.
[    3.327831] systemd[1]: Hostname set to <fedora>.
[    3.635539] systemd[1]: bpf-lsm: LSM BPF program attached
[    3.714096] systemd[1]: Queued start job for default target initrd.target.
[    3.725821] systemd[1]: Expecting device dev-disk-by\x2duuid-dc010fa2\x2d4e38\x2d46d8\x2da508\x2d25b496d107fa.device - /dev/disk/by-uuid/dc010fa2-4e38-46d8-a508-25b496d107fa...
[    3.725887] systemd[1]: Reached target initrd-usr-fs.target - Initrd /usr File System.
[    3.725914] systemd[1]: Reached target slices.target - Slice Units.
[    3.725931] systemd[1]: Reached target swap.target - Swaps.
[    3.725941] systemd[1]: Reached target timers.target - Timer Units.
[    3.726023] systemd[1]: Listening on dbus.socket - D-Bus System Message Bus Socket.
[    3.726126] systemd[1]: Listening on systemd-journald-dev-log.socket - Journal Socket (/dev/log).
[    3.726218] systemd[1]: Listening on systemd-journald.socket - Journal Socket.
[    3.726307] systemd[1]: Listening on systemd-udevd-control.socket - udev Control Socket.
[    3.726376] systemd[1]: Listening on systemd-udevd-kernel.socket - udev Kernel Socket.
[    3.726390] systemd[1]: Reached target sockets.target - Socket Units.
[    3.727213] systemd[1]: Starting kmod-static-nodes.service - Create List of Static Device Nodes...
[    3.727261] systemd[1]: memstrack.service - Memstrack Anylazing Service was skipped because no trigger condition checks were met.
[    3.728446] systemd[1]: Starting systemd-journald.service - Journal Service...
[    3.729121] systemd[1]: Starting systemd-modules-load.service - Load Kernel Modules...
[    3.729723] systemd[1]: Starting systemd-sysusers.service - Create System Users...
[    3.730375] systemd[1]: Starting systemd-vconsole-setup.service - Virtual Console Setup...
[    3.739616] systemd-journald[283]: Collecting audit messages is disabled.
[    3.741389] systemd[1]: Finished kmod-static-nodes.service - Create List of Static Device Nodes.
[    3.752342] systemd[1]: Finished systemd-sysusers.service - Create System Users.
[    3.755899] fuse: init (API version 7.39)
[    3.767443] systemd[1]: Starting systemd-tmpfiles-setup-dev.service - Create Static Device Nodes in /dev...
[    3.779623] systemd[1]: Finished systemd-modules-load.service - Load Kernel Modules.
[    3.779745] systemd[1]: Started systemd-journald.service - Journal Service.
[    4.073348] wmi_bus wmi_bus-PNP0C14:00: [Firmware Info]: DF4E63B6-3BBC-4858-9737-C74F82F821F3 has zero instances
[    4.073380] wmi_bus wmi_bus-PNP0C14:00: [Firmware Info]: 8F1F6436-9F42-42C8-BADC-0E9424F20C9A has zero instances
[    4.073691] wmi_bus wmi_bus-PNP0C14:02: WQZZ data block query control method not found
[    4.116595] e1000e: Intel(R) PRO/1000 Network Driver
[    4.116598] e1000e: Copyright(c) 1999 - 2015 Intel Corporation.
[    4.118995] e1000e 0000:00:1f.6: enabling device (0000 -> 0002)
[    4.119243] e1000e 0000:00:1f.6: Interrupt Throttling Rate (ints/sec) set to dynamic conservative mode
[    4.242252] input: SYNA3091:00 06CB:82F5 Mouse as /devices/pci0000:00/0000:00:15.1/i2c_designware.1/i2c-1/i2c-SYNA3091:00/0018:06CB:82F5.0001/input/input13
[    4.242322] input: SYNA3091:00 06CB:82F5 Touchpad as /devices/pci0000:00/0000:00:15.1/i2c_designware.1/i2c-1/i2c-SYNA3091:00/0018:06CB:82F5.0001/input/input14
[    4.242385] hid-generic 0018:06CB:82F5.0001: input,hidraw0: I2C HID v1.00 Mouse [SYNA3091:00 06CB:82F5] on i2c-SYNA3091:00
[    4.247374] nvme nvme0: pci function 0000:3b:00.0
[    4.254269] nvme nvme0: allocated 38 MiB host memory buffer.
[    4.285972] nvme nvme0: 8/0/0 default/read/poll queues
[    4.295291]  nvme0n1: p1 p2 p3 p4 p5 p6 p7
[    4.312380] e1000e 0000:00:1f.6 0000:00:1f.6 (uninitialized): registered PHC clock
[    4.315329] input: SYNA3091:00 06CB:82F5 Mouse as /devices/pci0000:00/0000:00:15.1/i2c_designware.1/i2c-1/i2c-SYNA3091:00/0018:06CB:82F5.0001/input/input16
[    4.321524] input: SYNA3091:00 06CB:82F5 Touchpad as /devices/pci0000:00/0000:00:15.1/i2c_designware.1/i2c-1/i2c-SYNA3091:00/0018:06CB:82F5.0001/input/input17
[    4.321786] hid-multitouch 0018:06CB:82F5.0001: input,hidraw0: I2C HID v1.00 Mouse [SYNA3091:00 06CB:82F5] on i2c-SYNA3091:00
[    4.378527] e1000e 0000:00:1f.6 eth0: (PCI Express:2.5GT/s:Width x1) b0:5c:da:f2:07:cc
[    4.378532] e1000e 0000:00:1f.6 eth0: Intel(R) PRO/1000 Network Connection
[    4.378626] e1000e 0000:00:1f.6 eth0: MAC: 13, PHY: 12, PBA No: FFFFFF-0FF
[    4.380006] e1000e 0000:00:1f.6 enp0s31f6: renamed from eth0
[    4.828749] i915 0000:00:02.0: vgaarb: deactivate vga console
[    4.830027] i915 0000:00:02.0: vgaarb: VGA decodes changed: olddecodes=io+mem,decodes=io+mem:owns=io+mem
[    4.830869] i915 0000:00:02.0: [drm] Finished loading DMC firmware i915/kbl_dmc_ver1_04.bin (v1.4)
[    4.867593] i915 0000:00:02.0: [drm] [ENCODER:118:DDI C/PHY C] is disabled/in DSI mode with an ungated DDI clock, gate it
[    4.876990] [drm] Initialized i915 1.6.0 20230929 for 0000:00:02.0 on minor 1
[    4.879031] ACPI: video: Video Device [GFX0] (multi-head: yes  rom: no  post: no)
[    4.879174] input: Video Bus as /devices/LNXSYSTM:00/LNXSYBUS:00/PNP0A08:00/LNXVIDEO:00/input/input19
[    4.879300] i915 display info: display version: 9
[    4.879303] i915 display info: cursor_needs_physical: no
[    4.879304] i915 display info: has_cdclk_crawl: no
[    4.879305] i915 display info: has_cdclk_squash: no
[    4.879306] i915 display info: has_ddi: yes
[    4.879307] i915 display info: has_dp_mst: yes
[    4.879308] i915 display info: has_dsb: no
[    4.879309] i915 display info: has_fpga_dbg: yes
[    4.879309] i915 display info: has_gmch: no
[    4.879310] i915 display info: has_hotplug: yes
[    4.879311] i915 display info: has_hti: no
[    4.879311] i915 display info: has_ipc: yes
[    4.879312] i915 display info: has_overlay: no
[    4.879313] i915 display info: has_psr: yes
[    4.879322] i915 display info: has_psr_hw_tracking: yes
[    4.879323] i915 display info: overlay_needs_physical: no
[    4.879323] i915 display info: supports_tv: no
[    4.879324] i915 display info: has_hdcp: yes
[    4.879325] i915 display info: has_dmc: yes
[    4.879326] i915 display info: has_dsc: no
[    5.229656] fbcon: i915drmfb (fb0) is primary device
[    5.229657] fbcon: Deferring console take-over
[    5.229659] i915 0000:00:02.0: [drm] fb0: i915drmfb frame buffer device
[    5.306783] EXT4-fs (nvme0n1p5): mounted filesystem dc010fa2-4e38-46d8-a508-25b496d107fa ro with ordered data mode. Quota mode: none.
[    6.748118] i915 0000:00:02.0: [drm] Reducing the compressed framebuffer size. This may lead to less power savings than a non-reduced-size. Try to increase stolen memory size if available in BIOS.
[    7.916353] systemd-journald[283]: Received SIGTERM from PID 1 (systemd).
[    7.988753] audit: type=1404 audit(1708415059.167:2): enforcing=1 old_enforcing=0 auid=4294967295 ses=4294967295 enabled=1 old-enabled=1 lsm=selinux res=1
[    8.053113] SELinux:  policy capability network_peer_controls=1
[    8.053117] SELinux:  policy capability open_perms=1
[    8.053118] SELinux:  policy capability extended_socket_class=1
[    8.053119] SELinux:  policy capability always_check_network=0
[    8.053120] SELinux:  policy capability cgroup_seclabel=1
[    8.053121] SELinux:  policy capability nnp_nosuid_transition=1
[    8.053122] SELinux:  policy capability genfs_seclabel_symlinks=1
[    8.053122] SELinux:  policy capability ioctl_skip_cloexec=0
[    8.078750] audit: type=1403 audit(1708415059.257:3): auid=4294967295 ses=4294967295 lsm=selinux res=1
[    8.080933] systemd[1]: Successfully loaded SELinux policy in 93.009ms.
[    8.092573] systemd[1]: RTC configured in localtime, applying delta of -240 minutes to system time.
[    8.133837] systemd[1]: Relabeled /dev, /dev/shm, /run, /sys/fs/cgroup in 36.546ms.
[    8.138557] systemd[1]: systemd 254.9-1.fc39 running in system mode (+PAM +AUDIT +SELINUX -APPARMOR +IMA +SMACK +SECCOMP -GCRYPT +GNUTLS +OPENSSL +ACL +BLKID +CURL +ELFUTILS +FIDO2 +IDN2 -IDN -IPTC +KMOD +LIBCRYPTSETUP +LIBFDISK +PCRE2 +PWQUALITY +P11KIT +QRENCODE +TPM2 +BZIP2 +LZ4 +XZ +ZLIB +ZSTD +BPF_FRAMEWORK +XKBCOMMON +UTMP +SYSVINIT default-hierarchy=unified)
[    8.138562] systemd[1]: Detected architecture x86-64.
[    8.492470] systemd[1]: bpf-lsm: LSM BPF program attached
[    8.669034] zram: Added device: zram0
[    8.858911] systemd[1]: initrd-switch-root.service: Deactivated successfully.
[    8.864956] systemd[1]: Stopped initrd-switch-root.service - Switch Root.
[    8.865809] systemd[1]: systemd-journald.service: Scheduled restart job, restart counter is at 1.
[    8.866085] systemd[1]: Created slice system-getty.slice - Slice /system/getty.
[    8.866342] systemd[1]: Created slice system-systemd\x2dfsck.slice - Slice /system/systemd-fsck.
[    8.866570] systemd[1]: Created slice system-systemd\x2dzram\x2dsetup.slice - Slice /system/systemd-zram-setup.
[    8.866766] systemd[1]: Created slice user.slice - User and Session Slice.
[    8.866793] systemd[1]: systemd-ask-password-console.path - Dispatch Password Requests to Console Directory Watch was skipped because of an unmet condition check (ConditionPathExists=!/run/plymouth/pid).
[    8.866963] systemd[1]: Started systemd-ask-password-wall.path - Forward Password Requests to Wall Directory Watch.
[    8.867348] systemd[1]: Set up automount proc-sys-fs-binfmt_misc.automount - Arbitrary Executable File Formats File System Automount Point.
[    8.867370] systemd[1]: Expecting device dev-disk-by\x2duuid-1deca510\x2d5c92\x2d498d\x2d988d\x2dce79ecf0964e.device - /dev/disk/by-uuid/1deca510-5c92-498d-988d-ce79ecf0964e...
[    8.867383] systemd[1]: Expecting device dev-disk-by\x2duuid-299d4c5a\x2d8c0b\x2d4068\x2d8efa\x2d55f0f558bfe7.device - /dev/disk/by-uuid/299d4c5a-8c0b-4068-8efa-55f0f558bfe7...
[    8.867396] systemd[1]: Expecting device dev-disk-by\x2duuid-861b1e17\x2db277\x2d40f7\x2d9313\x2dc253b09cd2a5.device - /dev/disk/by-uuid/861b1e17-b277-40f7-9313-c253b09cd2a5...
[    8.867408] systemd[1]: Expecting device dev-disk-by\x2duuid-C820\x2dCF50.device - /dev/disk/by-uuid/C820-CF50...
[    8.867420] systemd[1]: Expecting device dev-zram0.device - /dev/zram0...
[    8.867435] systemd[1]: Reached target cryptsetup.target - Local Encrypted Volumes.
[    8.867453] systemd[1]: Reached target getty.target - Login Prompts.
[    8.867474] systemd[1]: Stopped target initrd-switch-root.target - Switch Root.
[    8.867493] systemd[1]: Stopped target initrd-fs.target - Initrd File Systems.
[    8.867507] systemd[1]: Stopped target initrd-root-fs.target - Initrd Root File System.
[    8.867522] systemd[1]: Reached target integritysetup.target - Local Integrity Protected Volumes.
[    8.867563] systemd[1]: Reached target slices.target - Slice Units.
[    8.867589] systemd[1]: Reached target veritysetup.target - Local Verity Protected Volumes.
[    8.868414] systemd[1]: Listening on dm-event.socket - Device-mapper event daemon FIFOs.
[    8.869384] systemd[1]: Listening on lvm2-lvmpolld.socket - LVM2 poll daemon socket.
[    8.870536] systemd[1]: Listening on systemd-coredump.socket - Process Core Dump Socket.
[    8.870627] systemd[1]: Listening on systemd-initctl.socket - initctl Compatibility Named Pipe.
[    8.870882] systemd[1]: Listening on systemd-journald-audit.socket - Journal Audit Socket.
[    8.871275] systemd[1]: Listening on systemd-oomd.socket - Userspace Out-Of-Memory (OOM) Killer Socket.
[    8.871755] systemd[1]: Listening on systemd-udevd-control.socket - udev Control Socket.
[    8.871945] systemd[1]: Listening on systemd-udevd-kernel.socket - udev Kernel Socket.
[    8.872152] systemd[1]: Listening on systemd-userdbd.socket - User Database Manager Socket.
[    8.885603] systemd[1]: Mounting dev-hugepages.mount - Huge Pages File System...
[    8.886849] systemd[1]: Mounting dev-mqueue.mount - POSIX Message Queue File System...
[    8.887882] systemd[1]: Mounting sys-kernel-debug.mount - Kernel Debug File System...
[    8.888842] systemd[1]: Mounting sys-kernel-tracing.mount - Kernel Trace File System...
[    8.889003] systemd[1]: auth-rpcgss-module.service - Kernel Module supporting RPCSEC_GSS was skipped because of an unmet condition check (ConditionPathExists=/etc/krb5.keytab).
[    8.890113] systemd[1]: Starting kmod-static-nodes.service - Create List of Static Device Nodes...
[    8.891108] systemd[1]: Starting lvm2-monitor.service - Monitoring of LVM2 mirrors, snapshots etc. using dmeventd or progress polling...
[    8.892375] systemd[1]: Starting modprobe@configfs.service - Load Kernel Module configfs...
[    8.893399] systemd[1]: Starting modprobe@dm_mod.service - Load Kernel Module dm_mod...
[    8.894416] systemd[1]: Starting modprobe@drm.service - Load Kernel Module drm...
[    8.895450] systemd[1]: Starting modprobe@fuse.service - Load Kernel Module fuse...
[    8.896489] systemd[1]: Starting modprobe@loop.service - Load Kernel Module loop...
[    8.896556] systemd[1]: plymouth-switch-root.service: Deactivated successfully.
[    8.896596] systemd[1]: Stopped plymouth-switch-root.service - Plymouth switch root service.
[    8.898099] systemd[1]: Starting systemd-journald.service - Journal Service...
[    8.900071] systemd[1]: Starting systemd-modules-load.service - Load Kernel Modules...
[    8.901456] systemd[1]: Starting systemd-network-generator.service - Generate network units from Kernel command line...
[    8.901530] systemd[1]: systemd-pcrmachine.service - TPM2 PCR Machine ID Measurement was skipped because of an unmet condition check (ConditionPathExists=/sys/firmware/efi/efivars/StubPcrKernelImage-4a67b082-0a4c-41cf-b6c7-440b29bb8c4f).
[    8.901669] loop: module loaded
[    8.902855] systemd[1]: Starting systemd-remount-fs.service - Remount Root and Kernel File Systems...
[    8.904539] systemd[1]: Starting systemd-udev-trigger.service - Coldplug All udev Devices...
[    8.906536] systemd[1]: Mounted dev-hugepages.mount - Huge Pages File System.
[    8.906849] systemd[1]: Mounted dev-mqueue.mount - POSIX Message Queue File System.
[    8.906983] systemd[1]: Mounted sys-kernel-debug.mount - Kernel Debug File System.
[    8.907109] systemd[1]: Mounted sys-kernel-tracing.mount - Kernel Trace File System.
[    8.908738] systemd-journald[601]: Collecting audit messages is enabled.
[    8.919459] systemd[1]: Finished kmod-static-nodes.service - Create List of Static Device Nodes.
[    8.919564] audit: type=1130 audit(1708429460.098:4): pid=1 uid=0 auid=4294967295 ses=4294967295 subj=system_u:system_r:init_t:s0 msg='unit=kmod-static-nodes comm="systemd" exe="/usr/lib/systemd/systemd" hostname=? addr=? terminal=? res=success'
[    8.919848] systemd[1]: Started systemd-journald.service - Journal Service.
[    8.919968] audit: type=1130 audit(1708429460.098:5): pid=1 uid=0 auid=4294967295 ses=4294967295 subj=system_u:system_r:init_t:s0 msg='unit=systemd-journald comm="systemd" exe="/usr/lib/systemd/systemd" hostname=? addr=? terminal=? res=success'
[    8.929432] audit: type=1130 audit(1708429460.108:6): pid=1 uid=0 auid=4294967295 ses=4294967295 subj=system_u:system_r:init_t:s0 msg='unit=modprobe@configfs comm="systemd" exe="/usr/lib/systemd/systemd" hostname=? addr=? terminal=? res=success'
[    8.929436] audit: type=1131 audit(1708429460.108:7): pid=1 uid=0 auid=4294967295 ses=4294967295 subj=system_u:system_r:init_t:s0 msg='unit=modprobe@configfs comm="systemd" exe="/usr/lib/systemd/systemd" hostname=? addr=? terminal=? res=success'
[    8.931076] EXT4-fs (nvme0n1p5): re-mounted dc010fa2-4e38-46d8-a508-25b496d107fa r/w. Quota mode: none.
[    8.937448] audit: type=1130 audit(1708429460.116:8): pid=1 uid=0 auid=4294967295 ses=4294967295 subj=system_u:system_r:init_t:s0 msg='unit=modprobe@dm_mod comm="systemd" exe="/usr/lib/systemd/systemd" hostname=? addr=? terminal=? res=success'
[    8.937451] audit: type=1131 audit(1708429460.116:9): pid=1 uid=0 auid=4294967295 ses=4294967295 subj=system_u:system_r:init_t:s0 msg='unit=modprobe@dm_mod comm="systemd" exe="/usr/lib/systemd/systemd" hostname=? addr=? terminal=? res=success'
[    8.946469] audit: type=1130 audit(1708429460.125:10): pid=1 uid=0 auid=4294967295 ses=4294967295 subj=system_u:system_r:init_t:s0 msg='unit=modprobe@drm comm="systemd" exe="/usr/lib/systemd/systemd" hostname=? addr=? terminal=? res=success'
[    8.946473] audit: type=1131 audit(1708429460.125:11): pid=1 uid=0 auid=4294967295 ses=4294967295 subj=system_u:system_r:init_t:s0 msg='unit=modprobe@drm comm="systemd" exe="/usr/lib/systemd/systemd" hostname=? addr=? terminal=? res=success'
[    9.297276] zram0: detected capacity change from 0 to 15859712
[    9.365860] input: Wireless hotkeys as /devices/virtual/input/input20
[    9.390934] Adding 7929852k swap on /dev/zram0.  Priority:100 extents:1 across:7929852k SSDsc
[    9.420711] Consider using thermal netlink events interface
[    9.430916] intel_pch_thermal 0000:00:12.0: enabling device (0000 -> 0002)
[    9.440557] EXT4-fs (nvme0n1p7): mounted filesystem 299d4c5a-8c0b-4068-8efa-55f0f558bfe7 r/w with ordered data mode. Quota mode: none.
[    9.445639] idma64 idma64.0: Found Intel integrated DMA 64-bit
[    9.446801] idma64 idma64.1: Found Intel integrated DMA 64-bit
[    9.447124] nfc: nfc_init: NFC Core ver 0.1
[    9.447148] NET: Registered PF_NFC protocol family
[    9.461330] mei_me 0000:00:16.0: enabling device (0000 -> 0002)
[    9.463685] i801_smbus 0000:00:1f.4: enabling device (0000 -> 0003)
[    9.463824] i801_smbus 0000:00:1f.4: SPD Write Disable is set
[    9.463859] i801_smbus 0000:00:1f.4: SMBus using PCI interrupt
[    9.473041] i2c i2c-9: 1/2 memory slots populated (from DMI)
[    9.475747] i2c i2c-9: Successfully instantiated SPD at 0x50
[    9.494011] proc_thermal 0000:00:04.0: enabling device (0000 -> 0002)
[    9.494012] ACPI: bus type thunderbolt registered
[    9.502264] input: PC Speaker as /devices/platform/pcspkr/input/input21
[    9.511288] SELinux:  Context system_u:object_r:snappy_var_lib_t:s0 is not valid (left unmapped).
[    9.521095] EXT4-fs (nvme0n1p6): mounted filesystem 1deca510-5c92-498d-988d-ce79ecf0964e r/w with ordered data mode. Quota mode: none.
[    9.529865] intel_rapl_common: Found RAPL domain package
[    9.529869] intel_rapl_common: Found RAPL domain dram
[    9.548742] mc: Linux media interface: v0.10
[    9.549608] loop1: detected capacity change from 0 to 130888
[    9.549684] cfg80211: Loading compiled-in X.509 certificates for regulatory database
[    9.550222] Loaded X.509 cert 'sforshee: 00b28ddf47aef9cea7'
[    9.550395] Loaded X.509 cert 'wens: 61c038651aabdcf94bd0ac7ff06c7248db18c600'
[    9.550437] loop0: detected capacity change from 0 to 129976
[    9.559515] loop3: detected capacity change from 0 to 82800
[    9.563419] systemd-journald[601]: Received client request to flush runtime journal.
[    9.593424] videodev: Linux video capture interface: v2.00
[    9.593822] loop2: detected capacity change from 0 to 83672
[    9.594163] Bluetooth: Core ver 2.22
[    9.594179] NET: Registered PF_BLUETOOTH protocol family
[    9.594180] Bluetooth: HCI device and connection manager initialized
[    9.594183] Bluetooth: HCI socket layer initialized
[    9.594185] Bluetooth: L2CAP socket layer initialized
[    9.594189] Bluetooth: SCO socket layer initialized
[    9.602219] squashfs: version 4.0 (2009/01/31) Phillip Lougher
[    9.602331] Intel(R) Wireless WiFi driver for Linux
[    9.602499] iwlwifi 0000:3a:00.0: enabling device (0000 -> 0002)
[    9.602742] SELinux: security_context_str_to_sid (system_u:object_r:snappy_snap_t:s0) failed with errno=-22
[    9.602876] SELinux: security_context_str_to_sid (system_u:object_r:snappy_snap_t:s0) failed with errno=-22
[    9.603848] hp_wmi: query 0x4 returned error 0x5
[    9.604397] SELinux: security_context_str_to_sid (system_u:object_r:snappy_snap_t:s0) failed with errno=-22
[    9.604750] SELinux: security_context_str_to_sid (system_u:object_r:snappy_snap_t:s0) failed with errno=-22
[    9.607689] RAPL PMU: API unit is 2^-32 Joules, 5 fixed counters, 655360 ms ovfl timer
[    9.607692] RAPL PMU: hw unit of domain pp0-core 2^-14 Joules
[    9.607693] RAPL PMU: hw unit of domain package 2^-14 Joules
[    9.607694] RAPL PMU: hw unit of domain dram 2^-14 Joules
[    9.607695] RAPL PMU: hw unit of domain pp1-gpu 2^-14 Joules
[    9.607695] RAPL PMU: hw unit of domain psys 2^-14 Joules
[    9.611260] input: HP WMI hotkeys as /devices/virtual/input/input22
[    9.624158] iwlwifi 0000:3a:00.0: Detected crf-id 0x3617, cnv-id 0x100530 wfpm id 0x80000000
[    9.624403] iwlwifi 0000:3a:00.0: PCI dev 2723/0084, rev=0x340, rfid=0x10a100
[    9.650358] usbcore: registered new interface driver btusb
[    9.653064] Bluetooth: hci0: Bootloader revision 0.3 build 0 week 24 2017
[    9.654724] Bluetooth: hci0: Device revision is 1
[    9.654727] Bluetooth: hci0: Secure boot is enabled
[    9.654728] Bluetooth: hci0: OTP lock is enabled
[    9.654729] Bluetooth: hci0: API lock is enabled
[    9.654730] Bluetooth: hci0: Debug lock is disabled
[    9.654731] Bluetooth: hci0: Minimum firmware build 1 week 10 2014
[    9.701382] Bluetooth: hci0: Found device firmware: intel/ibt-20-1-3.sfi
[    9.701501] Bluetooth: hci0: Boot Address: 0x24800
[    9.701502] Bluetooth: hci0: Firmware Version: 255-255.255
[    9.715491] iwlwifi 0000:3a:00.0: api flags index 2 larger than supported by driver
[    9.715507] iwlwifi 0000:3a:00.0: TLV_FW_FSEQ_VERSION: FSEQ Version: 89.3.35.37
[    9.715909] iwlwifi 0000:3a:00.0: loaded firmware version 77.ad46c98b.0 cc-a0-77.ucode op_mode iwlmvm
[    9.762639] mei_hdcp 0000:00:16.0-b638ab7e-94e2-4ea2-a552-d1c54b627f04: bound 0000:00:02.0 (ops i915_hdcp_ops [i915])
[    9.762804] iTCO_vendor_support: vendor-support=0
[    9.762867] ee1004 9-0050: 512 byte EE1004-compliant SPD EEPROM, read-only
[    9.763839] intel_rapl_common: Found RAPL domain package
[    9.763841] intel_rapl_common: Found RAPL domain core
[    9.763842] intel_rapl_common: Found RAPL domain uncore
[    9.763843] intel_rapl_common: Found RAPL domain dram
[    9.763844] intel_rapl_common: Found RAPL domain psys
[    9.773261] usb 1-9: Found UVC 1.50 device HP HD Camera (04ca:7089)
[    9.789929] spi-nor spi0.0: w25q256 (32768 Kbytes)
[    9.797198] iTCO_wdt iTCO_wdt: Found a Intel PCH TCO device (Version=6, TCOBASE=0x0400)
[    9.797473] Creating 1 MTD partitions on "0000:00:1f.5":
[    9.797476] 0x000000000000-0x000002000000 : "BIOS"
[    9.797511] iTCO_wdt iTCO_wdt: initialized. heartbeat=30 sec (nowayout=0)
[    9.809766] snd_hda_intel 0000:00:1f.3: DSP detected with PCI class/subclass/prog-if info 0x040100
[    9.809849] snd_hda_intel 0000:00:1f.3: Digital mics found on Skylake+ platform, using SOF driver
[    9.820116] intel_tcc_cooling: Programmable TCC Offset detected
[    9.844131] usb 1-9: Found UVC 1.50 device HP HD Camera (04ca:7089)
[    9.860351] usbcore: registered new interface driver uvcvideo
[    9.916026] snd_soc_skl 0000:00:1f.3: DSP detected with PCI class/subclass/prog-if info 0x040100
[    9.916085] snd_soc_skl 0000:00:1f.3: Digital mics found on Skylake+ platform, using SOF driver
[    9.942048] iwlwifi 0000:3a:00.0: Detected Intel(R) Wi-Fi 6 AX200 160MHz, REV=0x340
[    9.942102] thermal thermal_zone13: failed to read out thermal zone (-61)
[    9.976192] sof-audio-pci-intel-cnl 0000:00:1f.3: DSP detected with PCI class/subclass/prog-if info 0x040100
[    9.976252] sof-audio-pci-intel-cnl 0000:00:1f.3: Digital mics found on Skylake+ platform, using SOF driver
[    9.976262] sof-audio-pci-intel-cnl 0000:00:1f.3: enabling device (0000 -> 0002)
[    9.976393] sof-audio-pci-intel-cnl 0000:00:1f.3: DSP detected with PCI class/subclass/prog-if 0x040100
[    9.976430] sof-audio-pci-intel-cnl 0000:00:1f.3: bound 0000:00:02.0 (ops i915_audio_component_bind_ops [i915])
[    9.983743] sof-audio-pci-intel-cnl 0000:00:1f.3: use msi interrupt mode
[   10.017047] sof-audio-pci-intel-cnl 0000:00:1f.3: hda codecs found, mask 5
[   10.017050] sof-audio-pci-intel-cnl 0000:00:1f.3: using HDA machine driver skl_hda_dsp_generic now
[   10.017053] sof-audio-pci-intel-cnl 0000:00:1f.3: DMICs detected in NHLT tables: 4
[   10.036514] sof-audio-pci-intel-cnl 0000:00:1f.3: Firmware info: version 2:2:0-57864
[   10.036516] sof-audio-pci-intel-cnl 0000:00:1f.3: Firmware: ABI 3:22:1 Kernel ABI 3:23:0
[   10.036522] sof-audio-pci-intel-cnl 0000:00:1f.3: unknown sof_ext_man header type 3 size 0x30
[   10.087018] iwlwifi 0000:3a:00.0: Detected RF HR B3, rfid=0x10a100
[   10.145343] sof-audio-pci-intel-cnl 0000:00:1f.3: Firmware info: version 2:2:0-57864
[   10.145352] sof-audio-pci-intel-cnl 0000:00:1f.3: Firmware: ABI 3:22:1 Kernel ABI 3:23:0
[   10.158257] iwlwifi 0000:3a:00.0: base HW address: b8:9a:2a:bb:da:78
[   10.187344] iwlwifi 0000:3a:00.0 wlp58s0: renamed from wlan0
[   10.192331] sof-audio-pci-intel-cnl 0000:00:1f.3: Topology: ABI 3:22:1 Kernel ABI 3:23:0
[   10.193124] skl_hda_dsp_generic skl_hda_dsp_generic: ASoC: Parent card not yet available, widget card binding deferred
[   10.218861] snd_hda_codec_realtek ehdaudio0D0: autoconfig for ALC215: line_outs=1 (0x14/0x0/0x0/0x0/0x0) type:speaker
[   10.218878] snd_hda_codec_realtek ehdaudio0D0:    speaker_outs=0 (0x0/0x0/0x0/0x0/0x0)
[   10.218885] snd_hda_codec_realtek ehdaudio0D0:    hp_outs=1 (0x21/0x0/0x0/0x0/0x0)
[   10.218891] snd_hda_codec_realtek ehdaudio0D0:    mono: mono_out=0x0
[   10.218895] snd_hda_codec_realtek ehdaudio0D0:    inputs:
[   10.218898] snd_hda_codec_realtek ehdaudio0D0:      Mic=0x19
[   10.894083] input: sof-hda-dsp Mic as /devices/pci0000:00/0000:00:1f.3/skl_hda_dsp_generic/sound/card0/input23
[   10.894250] input: sof-hda-dsp Headphone as /devices/pci0000:00/0000:00:1f.3/skl_hda_dsp_generic/sound/card0/input24
[   10.894508] input: sof-hda-dsp HDMI/DP,pcm=3 as /devices/pci0000:00/0000:00:1f.3/skl_hda_dsp_generic/sound/card0/input25
[   10.894776] input: sof-hda-dsp HDMI/DP,pcm=4 as /devices/pci0000:00/0000:00:1f.3/skl_hda_dsp_generic/sound/card0/input26
[   10.895024] input: sof-hda-dsp HDMI/DP,pcm=5 as /devices/pci0000:00/0000:00:1f.3/skl_hda_dsp_generic/sound/card0/input27
[   11.859921] Bluetooth: hci0: Waiting for firmware download to complete
[   11.860829] Bluetooth: hci0: Firmware loaded in 2108829 usecs
[   11.861001] Bluetooth: hci0: Waiting for device to boot
[   11.876009] Bluetooth: hci0: Device booted in 14770 usecs
[   11.876062] Bluetooth: hci0: Malformed MSFT vendor event: 0x02
[   11.879066] Bluetooth: hci0: Found Intel DDC parameters: intel/ibt-20-1-3.ddc
[   11.880912] Bluetooth: hci0: Applying Intel DDC parameters completed
[   11.881898] Bluetooth: hci0: Firmware revision 0.3 build 249 week 27 2023
[   11.883908] Bluetooth: hci0: HCI LE Coded PHY feature bit is set, but its usage is not supported.
[   15.245018] kauditd_printk_skb: 39 callbacks suppressed
[   15.245026] audit: type=1131 audit(1708429466.423:51): pid=1 uid=0 auid=4294967295 ses=4294967295 subj=system_u:system_r:init_t:s0 msg='unit=systemd-rfkill comm="systemd" exe="/usr/lib/systemd/systemd" hostname=? addr=? terminal=? res=success'
[   54.005464] audit: type=1130 audit(1708429505.184:52): pid=1 uid=0 auid=4294967295 ses=4294967295 subj=system_u:system_r:init_t:s0 msg='unit=plymouth-read-write comm="systemd" exe="/usr/lib/systemd/systemd" hostname=? addr=? terminal=? res=success'
[   54.402745] audit: type=1130 audit(1708429505.581:53): pid=1 uid=0 auid=4294967295 ses=4294967295 subj=system_u:system_r:init_t:s0 msg='unit=systemd-tmpfiles-setup comm="systemd" exe="/usr/lib/systemd/systemd" hostname=? addr=? terminal=? res=success'
[   54.422797] audit: type=1334 audit(1708429505.601:54): prog-id=56 op=LOAD
[   54.422869] audit: type=1334 audit(1708429505.601:55): prog-id=57 op=LOAD
[   54.422894] audit: type=1334 audit(1708429505.601:56): prog-id=58 op=LOAD
[   54.424862] audit: type=1334 audit(1708429505.603:57): prog-id=59 op=LOAD
[   54.427979] audit: type=1334 audit(1708429505.606:58): prog-id=60 op=LOAD
[   54.428042] audit: type=1334 audit(1708429505.606:59): prog-id=61 op=LOAD
[   54.428060] audit: type=1334 audit(1708429505.606:60): prog-id=62 op=LOAD
[   54.446489] audit: type=1130 audit(1708429505.625:61): pid=1 uid=0 auid=4294967295 ses=4294967295 subj=system_u:system_r:init_t:s0 msg='unit=auditd comm="systemd" exe="/usr/lib/systemd/systemd" hostname=? addr=? terminal=? res=failed'
[   54.489569] RPC: Registered named UNIX socket transport module.
[   54.489572] RPC: Registered udp transport module.
[   54.489573] RPC: Registered tcp transport module.
[   54.489574] RPC: Registered tcp-with-tls transport module.
[   54.489575] RPC: Registered tcp NFSv4.1 backchannel transport module.
[   54.719855] Bluetooth: BNEP (Ethernet Emulation) ver 1.3
[   54.719859] Bluetooth: BNEP filters: protocol multicast
[   54.719863] Bluetooth: BNEP socket layer initialized
[   54.722278] Bluetooth: MGMT ver 1.22
[   54.979134] NET: Registered PF_QIPCRTR protocol family
[   55.667395] iwlwifi 0000:3a:00.0: Registered PHC clock: iwlwifi-PTP, with index: 1
[   62.358756] kauditd_printk_skb: 67 callbacks suppressed
[   62.358759] audit: type=1130 audit(1708429513.538:120): pid=1 uid=0 auid=4294967295 ses=4294967295 subj=system_u:system_r:init_t:s0 msg='unit=NetworkManager-wait-online comm="systemd" exe="/usr/lib/systemd/systemd" hostname=? addr=? terminal=? res=success'
[   62.396998] audit: type=1130 audit(1708429513.576:121): pid=1 uid=0 auid=4294967295 ses=4294967295 subj=system_u:system_r:init_t:s0 msg='unit=rpc-statd-notify comm="systemd" exe="/usr/lib/systemd/systemd" hostname=? addr=? terminal=? res=success'
[   62.407927] audit: type=1130 audit(1708429513.587:122): pid=1 uid=0 auid=4294967295 ses=4294967295 subj=system_u:system_r:init_t:s0 msg='unit=systemd-user-sessions comm="systemd" exe="/usr/lib/systemd/systemd" hostname=? addr=? terminal=? res=success'
[   62.427408] audit: type=1130 audit(1708429513.607:123): pid=1 uid=0 auid=4294967295 ses=4294967295 subj=system_u:system_r:init_t:s0 msg='unit=atd comm="systemd" exe="/usr/lib/systemd/systemd" hostname=? addr=? terminal=? res=success'
[   62.430673] audit: type=1130 audit(1708429513.610:124): pid=1 uid=0 auid=4294967295 ses=4294967295 subj=system_u:system_r:init_t:s0 msg='unit=crond comm="systemd" exe="/usr/lib/systemd/systemd" hostname=? addr=? terminal=? res=success'
[   62.472539] audit: type=1130 audit(1708429513.652:125): pid=1 uid=0 auid=4294967295 ses=4294967295 subj=system_u:system_r:init_t:s0 msg='unit=plymouth-quit-wait comm="systemd" exe="/usr/lib/systemd/systemd" hostname=? addr=? terminal=? res=success'
[   62.485588] audit: type=1130 audit(1708429513.665:126): pid=1 uid=0 auid=4294967295 ses=4294967295 subj=system_u:system_r:init_t:s0 msg='unit=plymouth-quit comm="systemd" exe="/usr/lib/systemd/systemd" hostname=? addr=? terminal=? res=success'
[   62.501810] audit: type=1130 audit(1708429513.681:127): pid=1 uid=0 auid=4294967295 ses=4294967295 subj=system_u:system_r:init_t:s0 msg='unit=sddm comm="systemd" exe="/usr/lib/systemd/systemd" hostname=? addr=? terminal=? res=success'
[   62.585837] audit: type=1100 audit(1708429513.765:128): pid=1137 uid=0 auid=4294967295 ses=4294967295 subj=system_u:system_r:xdm_t:s0-s0:c0.c1023 msg='op=PAM:authentication grantors=pam_permit acct="sddm" exe="/usr/libexec/sddm-helper" hostname=? addr=? terminal=? res=success'
[   62.585841] audit: type=1101 audit(1708429513.765:129): pid=1137 uid=0 auid=4294967295 ses=4294967295 subj=system_u:system_r:xdm_t:s0-s0:c0.c1023 msg='op=PAM:accounting grantors=pam_permit acct="sddm" exe="/usr/libexec/sddm-helper" hostname=? addr=? terminal=? res=success'
[   65.864534] warning: `QSampleCache::L' uses wireless extensions which will stop working for Wi-Fi 7 hardware; use nl80211
[   66.135447] Bluetooth: RFCOMM TTY layer initialized
[   66.135456] Bluetooth: RFCOMM socket layer initialized
[   66.135461] Bluetooth: RFCOMM ver 1.11
[   70.560537] usb 1-2.2: new high-speed USB device number 7 using xhci_hcd
[   70.657234] usb 1-2.2: New USB device found, idVendor=413c, idProduct=1010, bcdDevice=32.98
[   70.657255] usb 1-2.2: New USB device strings: Mfr=0, Product=11, SerialNumber=0
[   70.657264] usb 1-2.2: Product: USB 2.0 Hub [MTT]
[   70.661723] hub 1-2.2:1.0: USB hub found
[   70.663489] hub 1-2.2:1.0: 4 ports detected
[   70.945259] usb 1-2.2.4: new low-speed USB device number 8 using xhci_hcd
[   71.034552] usb 1-2.2.4: New USB device found, idVendor=413c, idProduct=2110, bcdDevice= 0.06
[   71.034569] usb 1-2.2.4: New USB device strings: Mfr=1, Product=2, SerialNumber=0
[   71.034576] usb 1-2.2.4: Product: Dell Wired Multimedia Keyboard
[   71.034581] usb 1-2.2.4: Manufacturer: Dell
[   71.050218] input: Dell Dell Wired Multimedia Keyboard as /devices/pci0000:00/0000:00:14.0/usb1/1-2/1-2.2/1-2.2.4/1-2.2.4:1.0/0003:413C:2110.0002/input/input28
[   71.103464] hid-generic 0003:413C:2110.0002: input,hidraw1: USB HID v1.10 Keyboard [Dell Dell Wired Multimedia Keyboard] on usb-0000:00:14.0-2.2.4/input0
[   71.116518] input: Dell Dell Wired Multimedia Keyboard Mouse as /devices/pci0000:00/0000:00:14.0/usb1/1-2/1-2.2/1-2.2.4/1-2.2.4:1.1/0003:413C:2110.0003/input/input29
[   71.117165] input: Dell Dell Wired Multimedia Keyboard System Control as /devices/pci0000:00/0000:00:14.0/usb1/1-2/1-2.2/1-2.2.4/1-2.2.4:1.1/0003:413C:2110.0003/input/input30
[   71.169944] input: Dell Dell Wired Multimedia Keyboard Consumer Control as /devices/pci0000:00/0000:00:14.0/usb1/1-2/1-2.2/1-2.2.4/1-2.2.4:1.1/0003:413C:2110.0003/input/input31
[   71.170747] hid-generic 0003:413C:2110.0003: input,hiddev96,hidraw2: USB HID v1.10 Mouse [Dell Dell Wired Multimedia Keyboard] on usb-0000:00:14.0-2.2.4/input1
[   71.315515] usb 1-2.1: new low-speed USB device number 9 using xhci_hcd
[   71.397780] usb 1-2.1: New USB device found, idVendor=046d, idProduct=c077, bcdDevice=72.00
[   71.397798] usb 1-2.1: New USB device strings: Mfr=1, Product=2, SerialNumber=0
[   71.397804] usb 1-2.1: Product: USB Optical Mouse
[   71.397809] usb 1-2.1: Manufacturer: Logitech
[   71.403419] input: Logitech USB Optical Mouse as /devices/pci0000:00/0000:00:14.0/usb1/1-2/1-2.1/1-2.1:1.0/0003:046D:C077.0004/input/input32
[   71.404072] hid-generic 0003:046D:C077.0004: input,hidraw3: USB HID v1.11 Mouse [Logitech USB Optical Mouse] on usb-0000:00:14.0-2.1/input0
[   71.912059] usb 1-2.2: USB disconnect, device number 7
[   71.912076] usb 1-2.2.4: USB disconnect, device number 8
[   72.595372] usb 1-2.2: new high-speed USB device number 10 using xhci_hcd
[   72.689951] usb 1-2.2: New USB device found, idVendor=413c, idProduct=1010, bcdDevice=32.98
[   72.689971] usb 1-2.2: New USB device strings: Mfr=0, Product=11, SerialNumber=0
[   72.689979] usb 1-2.2: Product: USB 2.0 Hub [MTT]
[   72.691688] hub 1-2.2:1.0: USB hub found
[   72.693335] hub 1-2.2:1.0: 4 ports detected
[   72.968332] usb 1-2.2.4: new low-speed USB device number 11 using xhci_hcd
[   73.056693] usb 1-2.2.4: New USB device found, idVendor=413c, idProduct=2110, bcdDevice= 0.06
[   73.056709] usb 1-2.2.4: New USB device strings: Mfr=1, Product=2, SerialNumber=0
[   73.056716] usb 1-2.2.4: Product: Dell Wired Multimedia Keyboard
[   73.056721] usb 1-2.2.4: Manufacturer: Dell
[   73.071481] input: Dell Dell Wired Multimedia Keyboard as /devices/pci0000:00/0000:00:14.0/usb1/1-2/1-2.2/1-2.2.4/1-2.2.4:1.0/0003:413C:2110.0005/input/input33
[   73.124001] hid-generic 0003:413C:2110.0005: input,hidraw1: USB HID v1.10 Keyboard [Dell Dell Wired Multimedia Keyboard] on usb-0000:00:14.0-2.2.4/input0
[   73.136578] input: Dell Dell Wired Multimedia Keyboard Mouse as /devices/pci0000:00/0000:00:14.0/usb1/1-2/1-2.2/1-2.2.4/1-2.2.4:1.1/0003:413C:2110.0006/input/input34
[   73.137185] input: Dell Dell Wired Multimedia Keyboard System Control as /devices/pci0000:00/0000:00:14.0/usb1/1-2/1-2.2/1-2.2.4/1-2.2.4:1.1/0003:413C:2110.0006/input/input35
[   73.189746] input: Dell Dell Wired Multimedia Keyboard Consumer Control as /devices/pci0000:00/0000:00:14.0/usb1/1-2/1-2.2/1-2.2.4/1-2.2.4:1.1/0003:413C:2110.0006/input/input36
[   73.190551] hid-generic 0003:413C:2110.0006: input,hiddev96,hidraw2: USB HID v1.10 Mouse [Dell Dell Wired Multimedia Keyboard] on usb-0000:00:14.0-2.2.4/input1
[   76.692891] kauditd_printk_skb: 21 callbacks suppressed
[   76.692894] audit: type=1100 audit(1708429527.871:149): pid=1389 uid=0 auid=4294967295 ses=4294967295 subj=system_u:system_r:xdm_t:s0-s0:c0.c1023 msg='op=PAM:authentication grantors=pam_usertype,pam_localuser,pam_unix,pam_gnome_keyring acct="kira" exe="/usr/libexec/sddm-helper" hostname=? addr=? terminal=? res=success'
[   76.699829] audit: type=1101 audit(1708429527.878:150): pid=1389 uid=0 auid=4294967295 ses=4294967295 subj=system_u:system_r:xdm_t:s0-s0:c0.c1023 msg='op=PAM:accounting grantors=pam_unix,pam_localuser acct="kira" exe="/usr/libexec/sddm-helper" hostname=? addr=? terminal=? res=success'
[   76.700308] audit: type=1103 audit(1708429527.879:151): pid=1389 uid=0 auid=4294967295 ses=4294967295 subj=system_u:system_r:xdm_t:s0-s0:c0.c1023 msg='op=PAM:setcred grantors=pam_localuser,pam_unix,pam_gnome_keyring acct="kira" exe="/usr/libexec/sddm-helper" hostname=? addr=? terminal=? res=success'
[   76.700507] audit: type=1006 audit(1708429527.879:152): pid=1389 uid=0 subj=system_u:system_r:xdm_t:s0-s0:c0.c1023 old-auid=4294967295 auid=1000 tty=(none) old-ses=4294967295 ses=2 res=1
